<html>
<body>
<pre>
<h1>µVision Build Log</h1>
<h2>Project:</h2>
E:\MoblieHD\originCode\CEXE\wanggehuabeiban\USER\EXIT.uvproj
Project File Date:  12/04/2017

<h2>Output:</h2>
Build target 'Target 1'
compiling fsx2.c...
linking...
Program Size: Code=30300 RO-data=1432 RW-data=460 ZI-data=10044  
FromELF: creating hex file...
"..\OBJ\EXIT.axf" - 0 Error(s), 0 Warning(s).
</pre>
</body>
</html>
s
linking...
Program Size: Code=30300 RO-data=1432 RW-data=460 ZI-data=10044  
FromELF: creating hex file...
"..\OBJ\EXIT.axf" - 0 Error(s), 1 Warning(s).
