ARM Linker, 5.03 [Build 76] [MDK-ARM Standard]

==============================================================================

Section Cross References

    main.o(.text) refers to _printf_percent.o(.ARM.Collect$$_printf_percent$$00000000) for _printf_percent
    main.o(.text) refers to _printf_d.o(.ARM.Collect$$_printf_percent$$00000009) for _printf_d
    main.o(.text) refers to _printf_dec.o(.text) for _printf_int_dec
    main.o(.text) refers to stm32f10x_rcc.o(.text) for RCC_AHBPeriphClockCmd
    main.o(.text) refers to stm32f10x_gpio.o(.text) for GPIO_Init
    main.o(.text) refers to stm32f10x_dma.o(.text) for DMA_DeInit
    main.o(.text) refers to stm32f10x_adc.o(.text) for ADC_Init
    main.o(.text) refers to dflt_clz.o(x$fpl$dfltu) for __aeabi_ui2d
    main.o(.text) refers to dmul.o(x$fpl$dmul) for __aeabi_dmul
    main.o(.text) refers to d2f.o(x$fpl$d2f) for __aeabi_d2f
    main.o(.text) refers to fsx2.o(.text) for SendLedScreamCmd
    main.o(.text) refers to delay.o(.text) for delay_init
    main.o(.text) refers to sys.o(.text) for NVIC_Configuration
    main.o(.text) refers to led.o(.text) for LED_Init
    main.o(.text) refers to timer.o(.text) for TIM2_Int_Init
    main.o(.text) refers to rs485.o(.text) for RS485_Init
    main.o(.text) refers to modbus_slave.o(.text) for RS485_Initt
    main.o(.text) refers to f2d.o(x$fpl$f2d) for __aeabi_f2d
    main.o(.text) refers to daddsub_clz.o(x$fpl$dsub) for __aeabi_dsub
    main.o(.text) refers to ddiv.o(x$fpl$ddiv) for __aeabi_ddiv
    main.o(.text) refers to daddsub_clz.o(x$fpl$dadd) for __aeabi_dadd
    main.o(.text) refers to dfixu.o(x$fpl$dfixu) for __aeabi_d2uiz
    main.o(.text) refers to fmul.o(x$fpl$fmul) for __aeabi_fmul
    main.o(.text) refers to fdiv.o(x$fpl$fdiv) for __aeabi_fdiv
    main.o(.text) refers to ffixu.o(x$fpl$ffixu) for __aeabi_f2uiz
    main.o(.text) refers to h1_alloc.o(.text) for malloc
    main.o(.text) refers to rt_memclr.o(.text) for __aeabi_memclr
    main.o(.text) refers to strcat.o(.text) for strcat
    main.o(.text) refers to noretval__2sprintf.o(.text) for __2sprintf
    main.o(.text) refers to main.o(.bss) for ADCConvertedValue
    main.o(.text) refers to modbus_slave.o(.data) for windSpeedDirType
    main.o(.text) refers to main.o(.data) for voltage_vs
    main.o(.text) refers to awa5636.o(.data) for noise
    main.o(.text) refers to fsx2.o(.data) for windSpeed
    main.o(.text) refers to am2305.o(.data) for OutdoorTemperature
    main.o(.text) refers to stm32f10x_usart.o(.text) for USART_GetFlagStatus
    main.o(.text) refers to strlen.o(.text) for strlen
    main.o(.text) refers to h1_free.o(.text) for free
    main.o(.data) refers to main.o(.conststring) for .conststring
    system_stm32f10x.o(.text) refers to system_stm32f10x.o(.data) for SystemCoreClock
    led.o(.text) refers to stm32f10x_rcc.o(.text) for RCC_APB2PeriphClockCmd
    led.o(.text) refers to stm32f10x_gpio.o(.text) for GPIO_PinRemapConfig
    timer.o(.text) refers to stm32f10x_rcc.o(.text) for RCC_APB1PeriphClockCmd
    timer.o(.text) refers to stm32f10x_tim.o(.text) for TIM_TimeBaseInit
    timer.o(.text) refers to misc.o(.text) for NVIC_Init
    timer.o(.text) refers to modbus_slave.o(.text) for RS485_Service
    timer.o(.text) refers to rt_memcpy_v6.o(.text) for __aeabi_memcpy
    timer.o(.text) refers to rt_memclr.o(.text) for __aeabi_memclr
    timer.o(.text) refers to response.o(.text) for CheackDat
    timer.o(.text) refers to usart.o(.bss) for USART_RX_BUF
    beep.o(.text) refers to stm32f10x_rcc.o(.text) for RCC_APB2PeriphClockCmd
    beep.o(.text) refers to stm32f10x_gpio.o(.text) for GPIO_Init
    spi.o(.text) refers to stm32f10x_spi.o(.text) for SPI_I2S_GetFlagStatus
    spi.o(.text) refers to stm32f10x_rcc.o(.text) for RCC_APB2PeriphClockCmd
    spi.o(.text) refers to stm32f10x_gpio.o(.text) for GPIO_Init
    am2305.o(.text) refers to stm32f10x_rcc.o(.text) for RCC_APB2PeriphClockCmd
    am2305.o(.text) refers to stm32f10x_gpio.o(.text) for GPIO_Init
    am2305.o(.text) refers to delay.o(.text) for delay_us
    am2305.o(.text) refers to am2305.o(.data) for Sensor_Data
    max31865.o(.text) refers to stm32f10x_rcc.o(.text) for RCC_APB2PeriphClockCmd
    max31865.o(.text) refers to stm32f10x_gpio.o(.text) for GPIO_Init
    max31865.o(.text) refers to spi.o(.text) for SPI2_Init
    max31865.o(.text) refers to stm32f10x_spi.o(.text) for SPI_I2S_ReceiveData
    max31865.o(.text) refers to max31865.o(.data) for TIMEOUT
    fsx2.o(.text) refers to rs485.o(.text) for RS485_Send_Data
    fsx2.o(.text) refers to delay.o(.text) for delay_ms
    fsx2.o(.text) refers to mbcrc.o(.text) for usMBCRC16
    fsx2.o(.text) refers to fsx2.o(.data) for FSX_TX_BUF
    fsx2.o(.text) refers to fsx2.o(.bss) for FSX_RX_BUF
    fsx2.o(.text) refers to am2305.o(.data) for OutdoorTemperature
    fsx2.o(.text) refers to main.o(.data) for pressure
    fsx2.o(.text) refers to dflt_clz.o(x$fpl$dfltu) for __aeabi_ui2d
[...]
    __rt_entry_li                            0x08000221   Thumb Code     0  rtentry2.o(.ARM.Collect$$rtentry$$0000000A)
    __rt_entry_postsh_1                      0x08000221   Thumb Code     0  rtentry2.o(.ARM.Collect$$rtentry$$00000009)
    __rt_entry_main                          0x08000225   Thumb Code     0  rtentry2.o(.ARM.Collect$$rtentry$$0000000D)
    __rt_entry_postli_1                      0x08000225   Thumb Code     0  rtentry2.o(.ARM.Collect$$rtentry$$0000000C)
    __rt_exit                                0x0800022d   Thumb Code     0  rtexit.o(.ARM.Collect$$rtexit$$00000000)
    __rt_exit_ls                             0x0800022f   Thumb Code     0  rtexit2.o(.ARM.Collect$$rtexit$$00000003)
    __rt_exit_prels_1                        0x0800022f   Thumb Code     0  rtexit2.o(.ARM.Collect$$rtexit$$00000002)
    __rt_exit_exit                           0x08000233   Thumb Code     0  rtexit2.o(.ARM.Collect$$rtexit$$00000004)
    _maybe_terminate_alloc                   0x08000239   Thumb Code     0  maybetermalloc1.o(.emb_text)
    init_ad                                  0x08000239   Thumb Code   302  main.o(.text)
    get_voltage_vs                           0x08000367   Thumb Code    78  main.o(.text)
    get_voltage_mpx                          0x080003b5   Thumb Code    80  main.o(.text)
    get_voltage_pwm                          0x08000405   Thumb Code    80  main.o(.text)
    Refresh_Led_Scream                       0x08000455   Thumb Code     8  main.o(.text)
    main                                     0x0800045d   Thumb Code   300  main.o(.text)
    Send_All_Result                          0x08000589   Thumb Code   850  main.o(.text)
    NMI_Handler                              0x0800093d   Thumb Code     2  stm32f10x_it.o(.text)
    HardFault_Handler                        0x0800093f   Thumb Code     4  stm32f10x_it.o(.text)
    MemManage_Handler                        0x08000943   Thumb Code     4  stm32f10x_it.o(.text)
    BusFault_Handler                         0x08000947   Thumb Code     4  stm32f10x_it.o(.text)
    UsageFault_Handler                       0x0800094b   Thumb Code     4  stm32f10x_it.o(.text)
    SVC_Handler                              0x0800094f   Thumb Code     2  stm32f10x_it.o(.text)
    DebugMon_Handler                         0x08000951   Thumb Code     2  stm32f10x_it.o(.text)
    PendSV_Handler                           0x08000953   Thumb Code     2  stm32f10x_it.o(.text)
    SysTick_Handler                          0x08000955   Thumb Code     2  stm32f10x_it.o(.text)
    SystemInit                               0x08000a35   Thumb Code    78  system_stm32f10x.o(.text)
    SystemCoreClockUpdate                    0x08000a83   Thumb Code   142  system_stm32f10x.o(.text)
    LED_Init                                 0x08000b35   Thumb Code    62  led.o(.text)
    TIM2_Int_Init                            0x08000b7d   Thumb Code    92  timer.o(.text)
    TIM2_IRQHandler                          0x08000bd9   Thumb Code    42  timer.o(.text)
    TIM3_Int_Init                            0x08000c03   Thumb Code    82  timer.o(.text)
    TIM3_IRQHandler                          0x08000c55   Thumb Code    54  timer.o(.text)
    ReadWindSpeedDir                         0x08000c9d   Thumb Code   184  fsx2.o(.text)
    ReadUltraSound                           0x08000d55   Thumb Code   190  fsx2.o(.text)
    SendLedScreamCmd                         0x08000e13   Thumb Code   304  fsx2.o(.text)
    ReadWindSpeed                            0x08000f43   Thumb Code   164  fsx2.o(.text)
    ReadWindDir                              0x08000fe7   Thumb Code   250  fsx2.o(.text)
    ReadRsTemHum                             0x080010e1   Thumb Code   252  fsx2.o(.text)
    ReadLaserTsp                             0x080011dd   Thumb Code   200  fsx2.o(.text)
    ReadTvocPpm                              0x080012a5   Thumb Code   180  fsx2.o(.text)
    filtStack                                0x08001359   Thumb Code   464  fsx2.o(.text)
    ReadCoPpm                                0x08001529   Thumb Code   256  fsx2.o(.text)
    ReadNo2Ppm                               0x08001629   Thumb Code   270  fsx2.o(.text)
    ReadSo2Ppm                               0x08001737   Thumb Code   270  fsx2.o(.text)
    ReadO3Ppm                                0x08001845   Thumb Code   350  fsx2.o(.text)
    ReadH2sPpm                               0x080019a3   Thumb Code   246  fsx2.o(.text)
    ReadAllToxicGas                          0x08001a99   Thumb Code    30  fsx2.o(.text)
    CleanSent_Buffer                         0x08001ae1   Thumb Code    12  response.o(.text)
    CleanRec_Buffer                          0x08001aed   Thumb Code    14  response.o(.text)
    CheackDat                                0x08001afb   Thumb Code    64  response.o(.text)
    Rest                                     0x08001b3b   Thumb Code    68  response.o(.text)
    ACKpro                                   0x08001b7f   Thumb Code    70  response.o(.text)
    ENDpro                                   0x08001bc5   Thumb Code    68  response.o(.text)
    Read_Noise                               0x08001c1d   Thumb Code   170  awa5636.o(.text)
    uart4_init                               0x08001cc7   Thumb Code   164  awa5636.o(.text)
    uart5_init                               0x08001d6b   Thumb Code   160  awa5636.o(.text)
    UART5_IRQHandler                         0x08001e0b   Thumb Code    28  awa5636.o(.text)
    TIM3_Mode_Config                         0x08001e59   Thumb Code   162  pluse_encode.o(.text)
    TIM4_Mode_Config                         0x08001efb   Thumb Code   162  pluse_encode.o(.text)
    PLUSE_Encode_init                        0x08001f9d   Thumb Code    68  pluse_encode.o(.text)
    UpdatePluseEncode                        0x08001fe1   Thumb Code    24  pluse_encode.o(.text)
    TIM4_IRQHandler                          0x08001ff9   Thumb Code    22  pluse_encode.o(.text)
    USART3_IRQHandler                        0x08002025   Thumb Code    50  rs485.o(.text)
    RS485_Init                               0x08002057   Thumb Code   210  rs485.o(.text)
    RS485_Send_Data                          0x08002129   Thumb Code    74  rs485.o(.text)
    RS485_Receive_Data                       0x08002173   Thumb Code    68  rs485.o(.text)
    delay_init                               0x080021d1   Thumb Code    50  delay.o(.text)
    delay_us                                 0x08002203   Thumb Code    70  delay.o(.text)
    delay_ms                                 0x08002249   Thumb Code    70  delay.o(.text)
    NVIC_Configuration                       0x080022a1   Thumb Code    12  sys.o(.text)
    _sys_exit                                0x080022ad   Thumb Code     6  usart.o(.text)
    fputc                                    0x080022b3   Thumb Code    22  usart.o(.text)
    uart1_init                               0x080022c9   Thumb Code   158  usart.o(.text)
    USART1_IRQHandler                        0x08002367   Thumb Code    70  usart.o(.text)
    Reset_Handler                            0x080023c1   Thumb Code     8  startup_stm32f10x_hd.o(.text)
    ADC1_2_IRQHandler                        0x080023db   Thumb Code     0  startup_stm32f10x_hd.o(.text)
    ADC3_IRQHandler                          0x080023db   Thumb Code     0  startup_stm32f10x_hd.o(.text)
    CAN1_RX1_IRQHandler                      0x080023db   Thumb Code     0  startup_stm32f10x_hd.o(.text)
    CAN1_SCE_IRQHandler                      0x080023db   Thumb Code     0  startup_stm32f10x_hd.o(.text)
    DMA1_Channel1_IRQHandler                 0x080023db   Thumb Code     0  startup_stm32f10x_hd.o(.text)
    DMA1_Channel2_IRQHandler                 0x080023db   Thumb Code     0  startup_stm32f10x_hd.o(.text)
    DMA1_Channel3_IRQHandler                 0x080023db   Thumb Code     0  startup_stm32f10x_hd.o(.text)
    DMA1_Channel4_IRQHandler                 0x080023db   Thumb Code     0  startup_stm32f10x_hd.o(.text)
    DMA1_Channel5_IRQHandler                 0x080023db   Thumb Code     0  startup_stm32f10x_hd.o(.text)
    DMA1_Channel6_IRQHandler                 0x080023db   Thumb Code     0  startup_stm32f10x_hd.o(.text)
    DMA1_Channel7_IRQHandler                 0x080023db   Thumb Code     0  startup_stm32f10x_hd.o(.text)
    DMA2_Channel1_IRQHandler                 0x080023db   Thumb Code     0  startup_stm32f10x_hd.o(.text)
    DMA2_Channel2_IRQHandler                 0x080023db   Thumb Code     0  startup_stm32f10x_hd.o(.text)
    DMA2_Channel3_IRQHandler                 0x080023db   Thumb Code     0  startup_stm32f10x_hd.o(.text)
    DMA2_Channel4_5_IRQHandler               0x080023db   Thumb Code     0  startup_stm32f10x_hd.o(.text)
    EXTI0_IRQHandler                         0x080023db   Thumb Code     0  startup_stm32f10x_hd.o(.text)
    EXTI15_10_IRQHandler                     0x080023db   Thumb Code     0  startup_stm32f10x_hd.o(.text)
    EXTI1_IRQHandler                         0x080023db   Thumb Code     0  startup_stm32f10x_hd.o(.text)
    EXTI2_IRQHandler                         0x080023db   Thumb Code     0  startup_stm32f10x_hd.o(.text)
    EXTI3_IRQHandler                         0x080023db   Thumb Code     0  startup_stm32f10x_hd.o(.text)
    EXTI4_IRQHandler                         0x080023db   Thumb Code     0  startup_stm32f10x_hd.o(.text)
    EXTI9_5_IRQHandler                       0x080023db   Thumb Code     0  startup_stm32f10x_hd.o(.text)
    FLASH_IRQHandler                         0x080023db   Thumb Code     0  startup_stm32f10x_hd.o(.text)
    FSMC_IRQHandler                          0x080023db   Thumb Code     0  startup_stm32f10x_hd.o(.text)
    I2C1_ER_IRQHandler                       0x080023db   Thumb Code     0  startup_stm32f10x_hd.o(.text)
    I2C1_EV_IRQHandler                       0x080023db   Thumb Code     0  startup_stm32f10x_hd.o(.text)
    I2C2_ER_IRQHandler                       0x080023db   Thumb Code     0  startup_stm32f10x_hd.o(.text)
    I2C2_EV_IRQHandler                       0x080023db   Thumb Code     0  startup_stm32f10x_hd.o(.text)
    PVD_IRQHandler                           0x080023db   Thumb Code     0  startup_stm32f10x_hd.o(.text)
    RCC_IRQHandler                           0x080023db   Thumb Code     0  startup_stm32f10x_hd.o(.text)
    RTCAlarm_IRQHandler                      0x080023db   Thumb Code     0  startup_stm32f10x_hd.o(.text)
    RTC_IRQHandler                           0x080023db   Thumb Code     0  startup_stm32f10x_hd.o(.text)
    SDIO_IRQHandler                          0x080023db   Thumb Code     0  startup_stm32f10x_hd.o(.text)
    SPI1_IRQHandler                          0x080023db   Thumb Code     0  startup_stm32f10x_hd.o(.text)
    SPI2_IRQHandler                          0x080023db   Thumb Code     0  startup_stm32f10x_hd.o(.text)
    SPI3_IRQHandler                          0x080023db   Thumb Code     0  startup_stm32f10x_hd.o(.text)
    TAMPER_IRQHandler                        0x080023db   Thumb Code     0  startup_stm32f10x_hd.o(.text)
    TIM1_BRK_IRQHandler                      0x080023db   Thumb Code     0  startup_stm32f10x_hd.o(.text)
    TIM1_CC_IRQHandler                       0x080023db   Thumb Code     0  startup_stm32f10x_hd.o(.text)
    TIM1_TRG_COM_IRQHandler                  0x080023db   Thumb Code     0  startup_stm32f10x_hd.o(.text)
    TIM1_UP_IRQHandler                       0x080023db   Thumb Code     0  startup_stm32f10x_hd.o(.text)
    TIM5_IRQHandler                          0x080023db   Thumb Code     0  startup_stm32f10x_hd.o(.text)
    TIM6_IRQHandler                          0x080023db   Thumb Code     0  startup_stm32f10x_hd.o(.text)
    TIM8_BRK_IRQHandler                      0x080023db   Thumb Code     0  startup_stm32f10x_hd.o(.text)
    TIM8_CC_IRQHandler                       0x080023db   Thumb Code     0  startup_stm32f10x_hd.o(.text)
    TIM8_TRG_COM_IRQHandler                  0x080023db   Thumb Code     0  startup_stm32f10x_hd.o(.text)
    TIM8_UP_IRQHandler                       0x080023db   Thumb Code     0  startup_stm32f10x_hd.o(.text)
    USART2_IRQHandler                        0x080023db   Thumb Code     0  startup_stm32f10x_hd.o(.text)
    USBWakeUp_IRQHandler                     0x080023db   Thumb Code     0  startup_stm32f10x_hd.o(.text)
    USB_HP_CAN1_TX_IRQHandler                0x080023db   Thumb Code     0  startup_stm32f10x_hd.o(.text)
    USB_LP_CAN1_RX0_IRQHandler               0x080023db   Thumb Code     0  startup_stm32f10x_hd.o(.text)
    WWDG_IRQHandler                          0x080023db   Thumb Code     0  startup_stm32f10x_hd.o(.text)
    __user_initial_stackheap                 0x080023dd   Thumb Code     0  startup_stm32f10x_hd.o(.text)
    NVIC_PriorityGroupConfig                 0x08002401   Thumb Code    10  misc.o(.text)
    NVIC_Init                                0x0800240b   Thumb Code   102  misc.o(.text)
    NVIC_SetVectorTable                      0x08002471   Thumb Code    14  misc.o(.text)
    NVIC_SystemLPConfig                      0x0800247f   Thumb Code    34  misc.o(.text)
    SysTick_CLKSourceConfig                  0x080024a1   Thumb Code    40  misc.o(.text)
    GPIO_DeInit                              0x080024dd   Thumb Code   172  stm32f10x_gpio.o(.text)
    GPIO_AFIODeInit                          0x08002589   Thumb Code    20  stm32f10x_gpio.o(.text)
    GPIO_Init                                0x0800259d   Thumb Code   274  stm32f10x_gpio.o(.text)
    GPIO_StructInit                          0x080026af   Thumb Code    16  stm32f10x_gpio.o(.text)
    GPIO_ReadInputDataBit                    0x080026bf   Thumb Code    18  stm32f10x_gpio.o(.text)
    GPIO_ReadInputData                       0x080026d1   Thumb Code     8  stm32f10x_gpio.o(.text)
    GPIO_ReadOutputDataBit                   0x080026d9   Thumb Code    18  stm32f10x_gpio.o(.text)
    GPIO_ReadOutputData                      0x080026eb   Thumb Code     8  stm32f10x_gpio.o(.text)
    GPIO_SetBits                             0x080026f3   Thumb Code     4  stm32f10x_gpio.o(.text)
    GPIO_ResetBits                           0x080026f7   Thumb Code     4  stm32f10x_gpio.o(.text)
    GPIO_WriteBit                            0x080026fb   Thumb Code    10  stm32f10x_gpio.o(.text)
    GPIO_Write                               0x08002705   Thumb Code     4  stm32f10x_gpio.o(.text)
    GPIO_PinLockConfig                       0x08002709   Thumb Code    18  stm32f10x_gpio.o(.text)
    GPIO_EventOutputConfig                   0x0800271b   Thumb Code    26  stm32f10x_gpio.o(.text)
    GPIO_EventOutputCmd                      0x08002735   Thumb Code     6  stm32f10x_gpio.o(.text)
    GPIO_PinRemapConfig                      0x0800273b   Thumb Code   138  stm32f10x_gpio.o(.text)
    GPIO_EXTILineConfig                      0x080027c5   Thumb Code    66  stm32f10x_gpio.o(.text)
    GPIO_ETH_MediaInterfaceConfig            0x08002807   Thumb Code     6  stm32f10x_gpio.o(.text)
    RCC_DeInit                               0x08002835   Thumb Code    64  stm32f10x_rcc.o(.text)
    RCC_HSEConfig                            0x08002875   Thumb Code    70  stm32f10x_rcc.o(.text)
    RCC_GetFlagStatus                        0x080028bb   Thumb Code    56  stm32f10x_rcc.o(.text)
    RCC_WaitForHSEStartUp                    0x080028f3   Thumb Code    56  stm32f10x_rcc.o(.text)
    RCC_AdjustHSICalibrationValue            0x0800292b   Thumb Code    20  stm32f10x_rcc.o(.text)
    RCC_HSICmd                               0x0800293f   Thumb Code     6  stm32f10x_rcc.o(.text)
    RCC_PLLConfig                            0x08002945   Thumb Code    24  stm32f10x_rcc.o(.text)
    RCC_PLLCmd                               0x0800295d   Thumb Code     6  stm32f10x_rcc.o(.text)
    RCC_SYSCLKConfig                         0x08002963   Thumb Code    18  stm32f10x_rcc.o(.text)
    RCC_GetSYSCLKSource                      0x08002975   Thumb Code    10  stm32f10x_rcc.o(.text)
    RCC_HCLKConfig                           0x0800297f   Thumb Code    18  stm32f10x_rcc.o(.text)
    RCC_PCLK1Config                          0x08002991   Thumb Code    18  stm32f10x_rcc.o(.text)
    RCC_PCLK2Config                          0x080029a3   Thumb Code    20  stm32f10x_rcc.o(.text)
    RCC_ITConfig                             0x080029b7   Thumb Code    26  stm32f10x_rcc.o(.text)
    RCC_USBCLKConfig                         0x080029d1   Thumb Code     6  stm32f10x_rcc.o(.text)
    RCC_ADCCLKConfig                         0x080029d7   Thumb Code    18  stm32f10x_rcc.o(.text)
    RCC_LSEConfig                            0x080029e9   Thumb Code    44  stm32f10x_rcc.o(.text)
    RCC_LSICmd                               0x08002a15   Thumb Code     6  stm32f10x_rcc.o(.text)
    RCC_RTCCLKConfig                         0x08002a1b   Thumb Code    12  stm32f10x_rcc.o(.text)
    RCC_RTCCLKCmd                            0x08002a27   Thumb Code     8  stm32f10x_rcc.o(.text)
    RCC_GetClocksFreq                        0x08002a2f   Thumb Code   192  stm32f10x_rcc.o(.text)
    RCC_AHBPeriphClockCmd                    0x08002aef   Thumb Code    26  stm32f10x_rcc.o(.text)
    RCC_APB2PeriphClockCmd                   0x08002b09   Thumb Code    26  stm32f10x_rcc.o(.text)
    RCC_APB1PeriphClockCmd                   0x08002b23   Thumb Code    26  stm32f10x_rcc.o(.text)
    RCC_APB2PeriphResetCmd                   0x08002b3d   Thumb Code    26  stm32f10x_rcc.o(.text)
    RCC_APB1PeriphResetCmd                   0x08002b57   Thumb Code    26  stm32f10x_rcc.o(.text)
    RCC_BackupResetCmd                       0x08002b71   Thumb Code     8  stm32f10x_rcc.o(.text)
    RCC_ClockSecuritySystemCmd               0x08002b79   Thumb Code     6  stm32f10x_rcc.o(.text)
    RCC_MCOConfig                            0x08002b7f   Thumb Code     6  stm32f10x_rcc.o(.text)
    RCC_ClearFlag                            0x08002b85   Thumb Code    14  stm32f10x_rcc.o(.text)
    RCC_GetITStatus                          0x08002b93   Thumb Code    20  stm32f10x_rcc.o(.text)
    RCC_ClearITPendingBit                    0x08002ba7   Thumb Code     6  stm32f10x_rcc.o(.text)
    USART_DeInit                             0x08002bd9   Thumb Code   134  stm32f10x_usart.o(.text)
    USART_Init                               0x08002c5f   Thumb Code   210  stm32f10x_usart.o(.text)
    USART_StructInit                         0x08002d31   Thumb Code    24  stm32f10x_usart.o(.text)
    USART_ClockInit                          0x08002d49   Thumb Code    34  stm32f10x_usart.o(.text)
    USART_ClockStructInit                    0x08002d6b   Thumb Code    12  stm32f10x_usart.o(.text)
    USART_Cmd                                0x08002d77   Thumb Code    24  stm32f10x_usart.o(.text)
    USART_ITConfig                           0x08002d8f   Thumb Code    74  stm32f10x_usart.o(.text)
    USART_DMACmd                             0x08002dd9   Thumb Code    18  stm32f10x_usart.o(.text)
    USART_SetAddress                         0x08002deb   Thumb Code    18  stm32f10x_usart.o(.text)
    USART_WakeUpConfig                       0x08002dfd   Thumb Code    18  stm32f10x_usart.o(.text)
    USART_ReceiverWakeUpCmd                  0x08002e0f   Thumb Code    24  stm32f10x_usart.o(.text)
    USART_LINBreakDetectLengthConfig         0x08002e27   Thumb Code    18  stm32f10x_usart.o(.text)
    USART_LINCmd                             0x08002e39   Thumb Code    24  stm32f10x_usart.o(.text)
    USART_SendData                           0x08002e51   Thumb Code     8  stm32f10x_usart.o(.text)
    USART_ReceiveData                        0x08002e59   Thumb Code    10  stm32f10x_usart.o(.text)
    USART_SendBreak                          0x08002e63   Thumb Code    10  stm32f10x_usart.o(.text)
    USART_SetGuardTime                       0x08002e6d   Thumb Code    16  stm32f10x_usart.o(.text)
    USART_SetPrescaler                       0x08002e7d   Thumb Code    16  stm32f10x_usart.o(.text)
    USART_SmartCardCmd                       0x08002e8d   Thumb Code    24  stm32f10x_usart.o(.text)
    USART_SmartCardNACKCmd                   0x08002ea5   Thumb Code    24  stm32f10x_usart.o(.text)
    USART_HalfDuplexCmd                      0x08002ebd   Thumb Code    24  stm32f10x_usart.o(.text)
    USART_OverSampling8Cmd                   0x08002ed5   Thumb Code    22  stm32f10x_usart.o(.text)
    USART_OneBitMethodCmd                    0x08002eeb   Thumb Code    24  stm32f10x_usart.o(.text)
    USART_IrDAConfig                         0x08002f03   Thumb Code    18  stm32f10x_usart.o(.text)
    USART_IrDACmd                            0x08002f15   Thumb Code    24  stm32f10x_usart.o(.text)
    USART_GetFlagStatus                      0x08002f2d   Thumb Code    26  stm32f10x_usart.o(.text)
    USART_ClearFlag                          0x08002f47   Thumb Code    18  stm32f10x_usart.o(.text)
    USART_GetITStatus                        0x08002f59   Thumb Code    84  stm32f10x_usart.o(.text)
    USART_ClearITPendingBit                  0x08002fad   Thumb Code    52  stm32f10x_usart.o(.text)
    TIM_DeInit                               0x08002fe1   Thumb Code   424  stm32f10x_tim.o(.text)
    TIM_TimeBaseInit                         0x08003189   Thumb Code   122  stm32f10x_tim.o(.text)
    TIM_OC1Init                              0x08003203   Thumb Code   132  stm32f10x_tim.o(.text)
    TIM_OC2Init                              0x08003287   Thumb Code   154  stm32f10x_tim.o(.text)
    TIM_OC3Init                              0x08003321   Thumb Code   150  stm32f10x_tim.o(.text)
    TIM_OC4Init                              0x080033b7   Thumb Code   182  stm32f10x_tim.o(.text)
    TIM_SetIC4Prescaler                      0x0800346d   Thumb Code    26  stm32f10x_tim.o(.text)
    TIM_SetIC3Prescaler                      0x08003509   Thumb Code    18  stm32f10x_tim.o(.text)
    TIM_SetIC2Prescaler                      0x08003595   Thumb Code    26  stm32f10x_tim.o(.text)
    TIM_SetIC1Prescaler                      0x08003631   Thumb Code    18  stm32f10x_tim.o(.text)
    TIM_ICInit                               0x080036af   Thumb Code   150  stm32f10x_tim.o(.text)
    TIM_PWMIConfig                           0x08003745   Thumb Code   124  stm32f10x_tim.o(.text)
    TIM_BDTRConfig                           0x080037c1   Thumb Code    32  stm32f10x_tim.o(.text)
    TIM_TimeBaseStructInit                   0x080037e1   Thumb Code    18  stm32f10x_tim.o(.text)
    TIM_OCStructInit                         0x080037f3   Thumb Code    20  stm32f10x_tim.o(.text)
    TIM_ICStructInit                         0x08003807   Thumb Code    18  stm32f10x_tim.o(.text)
    TIM_BDTRStructInit                       0x08003819   Thumb Code    40  stm32f10x_tim.o(.text)
    TIM_Cmd                                  0x08003841   Thumb Code    24  stm32f10x_tim.o(.text)
    TIM_CtrlPWMOutputs                       0x08003859   Thumb Code    30  stm32f10x_tim.o(.text)
    TIM_ITConfig                             0x08003877   Thumb Code    18  stm32f10x_tim.o(.text)
    TIM_GenerateEvent                        0x08003889   Thumb Code     4  stm32f10x_tim.o(.text)
    TIM_DMAConfig                            0x0800388d   Thumb Code    10  stm32f10x_tim.o(.text)
    TIM_DMACmd                               0x08003897   Thumb Code    18  stm32f10x_tim.o(.text)
    TIM_InternalClockConfig                  0x080038a9   Thumb Code    12  stm32f10x_tim.o(.text)
    TIM_SelectInputTrigger                   0x080038b5   Thumb Code    18  stm32f10x_tim.o(.text)
    TIM_ITRxExternalClockConfig              0x080038c7   Thumb Code    24  stm32f10x_tim.o(.text)
    TIM_TIxExternalClockConfig               0x080038df   Thumb Code    62  stm32f10x_tim.o(.text)
    TIM_ETRConfig                            0x0800391d   Thumb Code    28  stm32f10x_tim.o(.text)
    TIM_ETRClockMode1Config                  0x08003939   Thumb Code    54  stm32f10x_tim.o(.text)
    TIM_ETRClockMode2Config                  0x0800396f   Thumb Code    32  stm32f10x_tim.o(.text)
    TIM_PrescalerConfig                      0x0800398f   Thumb Code     6  stm32f10x_tim.o(.text)
    TIM_CounterModeConfig                    0x08003995   Thumb Code    18  stm32f10x_tim.o(.text)
    TIM_EncoderInterfaceConfig               0x080039a7   Thumb Code    66  stm32f10x_tim.o(.text)
    TIM_ForcedOC1Config                      0x080039e9   Thumb Code    18  stm32f10x_tim.o(.text)
    TIM_ForcedOC2Config                      0x080039fb   Thumb Code    26  stm32f10x_tim.o(.text)
    TIM_ForcedOC3Config                      0x08003a15   Thumb Code    18  stm32f10x_tim.o(.text)
    TIM_ForcedOC4Config                      0x08003a27   Thumb Code    26  stm32f10x_tim.o(.text)
    TIM_ARRPreloadConfig                     0x08003a41   Thumb Code    24  stm32f10x_tim.o(.text)
    TIM_SelectCOM                            0x08003a59   Thumb Code    24  stm32f10x_tim.o(.text)
    TIM_SelectCCDMA                          0x08003a71   Thumb Code    24  stm32f10x_tim.o(.text)
    TIM_CCPreloadControl                     0x08003a89   Thumb Code    24  stm32f10x_tim.o(.text)
    TIM_OC1PreloadConfig                     0x08003aa1   Thumb Code    18  stm32f10x_tim.o(.text)
    TIM_OC2PreloadConfig                     0x08003ab3   Thumb Code    26  stm32f10x_tim.o(.text)
    TIM_OC3PreloadConfig                     0x08003acd   Thumb Code    18  stm32f10x_tim.o(.text)
    TIM_OC4PreloadConfig                     0x08003adf   Thumb Code    26  stm32f10x_tim.o(.text)
    TIM_OC1FastConfig                        0x08003af9   Thumb Code    18  stm32f10x_tim.o(.text)
    TIM_OC2FastConfig                        0x08003b0b   Thumb Code    26  stm32f10x_tim.o(.text)
    TIM_OC3FastConfig                        0x08003b25   Thumb Code    18  stm32f10x_tim.o(.text)
    TIM_OC4FastConfig                        0x08003b37   Thumb Code    26  stm32f10x_tim.o(.text)
    TIM_ClearOC1Ref                          0x08003b51   Thumb Code    18  stm32f10x_tim.o(.text)
    TIM_ClearOC2Ref                          0x08003b63   Thumb Code    24  stm32f10x_tim.o(.text)
    TIM_ClearOC3Ref                          0x08003b7b   Thumb Code    18  stm32f10x_tim.o(.text)
    TIM_ClearOC4Ref                          0x08003b8d   Thumb Code    24  stm32f10x_tim.o(.text)
    TIM_OC1PolarityConfig                    0x08003ba5   Thumb Code    18  stm32f10x_tim.o(.text)
    TIM_OC1NPolarityConfig                   0x08003bb7   Thumb Code    18  stm32f10x_tim.o(.text)
    TIM_OC2PolarityConfig                    0x08003bc9   Thumb Code    26  stm32f10x_tim.o(.text)
    TIM_OC2NPolarityConfig                   0x08003be3   Thumb Code    26  stm32f10x_tim.o(.text)
    TIM_OC3PolarityConfig                    0x08003bfd   Thumb Code    26  stm32f10x_tim.o(.text)
    TIM_OC3NPolarityConfig                   0x08003c17   Thumb Code    26  stm32f10x_tim.o(.text)
    TIM_OC4PolarityConfig                    0x08003c31   Thumb Code    26  stm32f10x_tim.o(.text)
    TIM_CCxCmd                               0x08003c4b   Thumb Code    30  stm32f10x_tim.o(.text)
    TIM_CCxNCmd                              0x08003c69   Thumb Code    30  stm32f10x_tim.o(.text)
    TIM_SelectOCxM                           0x08003c87   Thumb Code    82  stm32f10x_tim.o(.text)
    TIM_UpdateDisableConfig                  0x08003cd9   Thumb Code    24  stm32f10x_tim.o(.text)
    TIM_UpdateRequestConfig                  0x08003cf1   Thumb Code    24  stm32f10x_tim.o(.text)
    TIM_SelectHallSensor                     0x08003d09   Thumb Code    24  stm32f10x_tim.o(.text)
    TIM_SelectOnePulseMode                   0x08003d21   Thumb Code    18  stm32f10x_tim.o(.text)
    TIM_SelectOutputTrigger                  0x08003d33   Thumb Code    18  stm32f10x_tim.o(.text)
    TIM_SelectSlaveMode                      0x08003d45   Thumb Code    18  stm32f10x_tim.o(.text)
    TIM_SelectMasterSlaveMode                0x08003d57   Thumb Code    18  stm32f10x_tim.o(.text)
    TIM_SetCounter                           0x08003d69   Thumb Code     4  stm32f10x_tim.o(.text)
    TIM_SetAutoreload                        0x08003d6d   Thumb Code     4  stm32f10x_tim.o(.text)
    TIM_SetCompare1                          0x08003d71   Thumb Code     4  stm32f10x_tim.o(.text)
    TIM_SetCompare2                          0x08003d75   Thumb Code     4  stm32f10x_tim.o(.text)
    TIM_SetCompare3                          0x08003d79   Thumb Code     4  stm32f10x_tim.o(.text)
    TIM_SetCompare4                          0x08003d7d   Thumb Code     6  stm32f10x_tim.o(.text)
    TIM_SetClockDivision                     0x08003d83   Thumb Code    18  stm32f10x_tim.o(.text)
    TIM_GetCapture1                          0x08003d95   Thumb Code     6  stm32f10x_tim.o(.text)
    TIM_GetCapture2                          0x08003d9b   Thumb Code     6  stm32f10x_tim.o(.text)
    TIM_GetCapture3                          0x08003da1   Thumb Code     6  stm32f10x_tim.o(.text)
    TIM_GetCapture4                          0x08003da7   Thumb Code     8  stm32f10x_tim.o(.text)
    TIM_GetCounter                           0x08003daf   Thumb Code     6  stm32f10x_tim.o(.text)
    TIM_GetPrescaler                         0x08003db5   Thumb Code     6  stm32f10x_tim.o(.text)
    TIM_GetFlagStatus                        0x08003dbb   Thumb Code    18  stm32f10x_tim.o(.text)
    TIM_ClearFlag                            0x08003dcd   Thumb Code     6  stm32f10x_tim.o(.text)
    TIM_GetITStatus                          0x08003dd3   Thumb Code    34  stm32f10x_tim.o(.text)
    TIM_ClearITPendingBit                    0x08003df5   Thumb Code     6  stm32f10x_tim.o(.text)
    ADC_DeInit                               0x08003dfd   Thumb Code    78  stm32f10x_adc.o(.text)
    ADC_Init                                 0x08003e4b   Thumb Code    70  stm32f10x_adc.o(.text)
    ADC_StructInit                           0x08003e91   Thumb Code    18  stm32f10x_adc.o(.text)
    ADC_Cmd                                  0x08003ea3   Thumb Code    22  stm32f10x_adc.o(.text)
    ADC_DMACmd                               0x08003eb9   Thumb Code    22  stm32f10x_adc.o(.text)
    ADC_ITConfig                             0x08003ecf   Thumb Code    24  stm32f10x_adc.o(.text)
    ADC_ResetCalibration                     0x08003ee7   Thumb Code    10  stm32f10x_adc.o(.text)
    ADC_GetResetCalibrationStatus            0x08003ef1   Thumb Code    20  stm32f10x_adc.o(.text)
    ADC_StartCalibration                     0x08003f05   Thumb Code    10  stm32f10x_adc.o(.text)
    ADC_GetCalibrationStatus                 0x08003f0f   Thumb Code    20  stm32f10x_adc.o(.text)
    ADC_SoftwareStartConvCmd                 0x08003f23   Thumb Code    22  stm32f10x_adc.o(.text)
    ADC_GetSoftwareStartConvStatus           0x08003f39   Thumb Code    20  stm32f10x_adc.o(.text)
    ADC_DiscModeChannelCountConfig           0x08003f4d   Thumb Code    24  stm32f10x_adc.o(.text)
    ADC_DiscModeCmd                          0x08003f65   Thumb Code    22  stm32f10x_adc.o(.text)
    ADC_RegularChannelConfig                 0x08003f7b   Thumb Code   184  stm32f10x_adc.o(.text)
    ADC_ExternalTrigConvCmd                  0x08004033   Thumb Code    22  stm32f10x_adc.o(.text)
    ADC_GetConversionValue                   0x08004049   Thumb Code     8  stm32f10x_adc.o(.text)
    ADC_GetDualModeConversionValue           0x08004051   Thumb Code     8  stm32f10x_adc.o(.text)
    ADC_AutoInjectedConvCmd                  0x08004059   Thumb Code    22  stm32f10x_adc.o(.text)
    ADC_InjectedDiscModeCmd                  0x0800406f   Thumb Code    22  stm32f10x_adc.o(.text)
    ADC_ExternalTrigInjectedConvConfig       0x08004085   Thumb Code    16  stm32f10x_adc.o(.text)
    ADC_ExternalTrigInjectedConvCmd          0x08004095   Thumb Code    22  stm32f10x_adc.o(.text)
    ADC_SoftwareStartInjectedConvCmd         0x080040ab   Thumb Code    22  stm32f10x_adc.o(.text)
    ADC_GetSoftwareStartInjectedConvCmdStatus 0x080040c1   Thumb Code    20  stm32f10x_adc.o(.text)
    ADC_InjectedChannelConfig                0x080040d5   Thumb Code   130  stm32f10x_adc.o(.text)
    ADC_InjectedSequencerLengthConfig        0x08004157   Thumb Code    24  stm32f10x_adc.o(.text)
    ADC_SetInjectedOffset                    0x0800416f   Thumb Code    20  stm32f10x_adc.o(.text)
    ADC_GetInjectedConversionValue           0x08004183   Thumb Code    28  stm32f10x_adc.o(.text)
    ADC_AnalogWatchdogCmd                    0x0800419f   Thumb Code    16  stm32f10x_adc.o(.text)
    ADC_AnalogWatchdogThresholdsConfig       0x080041af   Thumb Code     6  stm32f10x_adc.o(.text)
    ADC_AnalogWatchdogSingleChannelConfig    0x080041b5   Thumb Code    16  stm32f10x_adc.o(.text)
    ADC_TempSensorVrefintCmd                 0x080041c5   Thumb Code    64  stm32f10x_adc.o(.text)
    ADC_GetFlagStatus                        0x08004205   Thumb Code    18  stm32f10x_adc.o(.text)
    ADC_ClearFlag                            0x08004217   Thumb Code     6  stm32f10x_adc.o(.text)
    ADC_GetITStatus                          0x0800421d   Thumb Code    36  stm32f10x_adc.o(.text)
    ADC_ClearITPendingBit                    0x08004241   Thumb Code    10  stm32f10x_adc.o(.text)
    DMA_DeInit                               0x0800424d   Thumb Code   324  stm32f10x_dma.o(.text)
    DMA_Init                                 0x08004391   Thumb Code    60  stm32f10x_dma.o(.text)
    DMA_StructInit                           0x080043cd   Thumb Code    26  stm32f10x_dma.o(.text)
    DMA_Cmd                                  0x080043e7   Thumb Code    24  stm32f10x_dma.o(.text)
    DMA_ITConfig                             0x080043ff   Thumb Code    18  stm32f10x_dma.o(.text)
    DMA_SetCurrDataCounter                   0x08004411   Thumb Code     4  stm32f10x_dma.o(.text)
    DMA_GetCurrDataCounter                   0x08004415   Thumb Code     8  stm32f10x_dma.o(.text)
    DMA_GetFlagStatus                        0x0800441d   Thumb Code    38  stm32f10x_dma.o(.text)
    DMA_ClearFlag                            0x08004443   Thumb Code    22  stm32f10x_dma.o(.text)
    DMA_GetITStatus                          0x08004459   Thumb Code    38  stm32f10x_dma.o(.text)
    DMA_ClearITPendingBit                    0x0800447f   Thumb Code    22  stm32f10x_dma.o(.text)
    Modbus_RegMap                            0x0800449d   Thumb Code   110  modbus_slave.o(.text)
    Timer7_Init                              0x0800450b   Thumb Code    96  modbus_slave.o(.text)
    RS485_Initt                              0x0800456b   Thumb Code   174  modbus_slave.o(.text)
    RS485_SendData                           0x08004619   Thumb Code    58  modbus_slave.o(.text)
    UART4_IRQHandler                         0x08004653   Thumb Code    78  modbus_slave.o(.text)
    TIM7_IRQHandler                          0x080046a1   Thumb Code    36  modbus_slave.o(.text)
    Modbus_16_Solve                          0x080046c5   Thumb Code   222  modbus_slave.o(.text)
    Modbus_06_Solve                          0x080047a3   Thumb Code   126  modbus_slave.o(.text)
    Modbus_04_Solve                          0x08004821   Thumb Code   366  modbus_slave.o(.text)
    Modbus_03_Solve                          0x0800498f   Thumb Code   230  modbus_slave.o(.text)
    RS485_Service                            0x08004a75   Thumb Code   348  modbus_slave.o(.text)
    checkLen                                 0x08004bf5   Thumb Code    16  mbcrc.o(.text)
    usMBCRC16                                0x08004c05   Thumb Code    56  mbcrc.o(.text)
    malloc                                   0x08004c45   Thumb Code    94  h1_alloc.o(.text)
    free                                     0x08004ca3   Thumb Code    78  h1_free.o(.text)
    __2sprintf                               0x08004cf1   Thumb Code    34  noretval__2sprintf.o(.text)
    __printf                                 0x08004d19   Thumb Code   104  __printf.o(.text)
    _printf_int_dec                          0x08004d81   Thumb Code   102  _printf_dec.o(.text)
    _ANSI_rand                               0x08004df9   Thumb Code    22  ANSI_rand.o(.text)
    _ANSI_srand                              0x08004e0f   Thumb Code     6  ANSI_rand.o(.text)
    strlen                                   0x08004e1d   Thumb Code    62  strlen.o(.text)
    strcat                                   0x08004e5b   Thumb Code    24  strcat.o(.text)
    __aeabi_memcpy                           0x08004e73   Thumb Code     0  rt_memcpy_v6.o(.text)
    __rt_memcpy                              0x08004e73   Thumb Code   138  rt_memcpy_v6.o(.text)
    _memcpy_lastbytes                        0x08004ed9   Thumb Code     0  rt_memcpy_v6.o(.text)
    __aeabi_memclr                           0x08004efd   Thumb Code     0  rt_memclr.o(.text)
    __rt_memclr                              0x08004efd   Thumb Code    68  rt_memclr.o(.text)
    _memset                                  0x08004f01   Thumb Code     0  rt_memclr.o(.text)
    strncpy                                  0x08004f41   Thumb Code    86  strncpy.o(.text)
    __use_two_region_memory                  0x08004f97   Thumb Code     2  heapauxi.o(.text)
    __rt_heap_escrow                         0x08004f99   Thumb Code     2  heapauxi.o(.text)
    __rt_heap_expand                         0x08004f9b   Thumb Code     2  heapauxi.o(.text)
    __rt_heap_descriptor                     0x08004f9d   Thumb Code     8  rt_heap_descriptor_intlibspace.o(.text)
    __use_no_heap                            0x08004fa5   Thumb Code     2  hguard.o(.text)
    __heap$guard                             0x08004fa7   Thumb Code     2  hguard.o(.text)
    _terminate_user_alloc                    0x08004fa9   Thumb Code     2  init_alloc.o(.text)
    _init_user_alloc                         0x08004fab   Thumb Code     2  init_alloc.o(.text)
    __Heap_Full                              0x08004fad   Thumb Code    34  init_alloc.o(.text)
    __Heap_Broken                            0x08004fcf   Thumb Code     6  init_alloc.o(.text)
    _init_alloc                              0x08004fd5   Thumb Code    94  init_alloc.o(.text)
    __Heap_Initialize                        0x08005033   Thumb Code    10  h1_init.o(.text)
    __Heap_DescSize                          0x0800503d   Thumb Code     4  h1_init.o(.text)
    __read_errno                             0x08005041   Thumb Code    10  _rserrno.o(.text)
    __set_errno                              0x0800504b   Thumb Code    12  _rserrno.o(.text)
    _printf_int_common                       0x08005057   Thumb Code   184  _printf_intcommon.o(.text)
    _printf_char_common                      0x0800511b   Thumb Code    32  _printf_char_common.o(.text)
    _sputc                                   0x08005141   Thumb Code    10  _sputc.o(.text)
    __strtod_int                             0x08005189   Thumb Code    88  strtod.o(.text)
    __aeabi_memcpy4                          0x080051ed   Thumb Code     0  rt_memcpy_w.o(.text)
    __aeabi_memcpy8                          0x080051ed   Thumb Code     0  rt_memcpy_w.o(.text)
    __rt_memcpy_w                            0x080051ed   Thumb Code   100  rt_memcpy_w.o(.text)
    _memcpy_lastbytes_aligned                0x08005235   Thumb Code     0  rt_memcpy_w.o(.text)
    __aeabi_memclr4                          0x08005251   Thumb Code     0  rt_memclr_w.o(.text)
    __aeabi_memclr8                          0x08005251   Thumb Code     0  rt_memclr_w.o(.text)
    __rt_memclr_w                            0x08005251   Thumb Code    78  rt_memclr_w.o(.text)
    _memset_w                                0x08005255   Thumb Code     0  rt_memclr_w.o(.text)
    __user_libspace                          0x080052a1   Thumb Code     8  libspace.o(.text)
    __user_perproc_libspace                  0x080052a1   Thumb Code     0  libspace.o(.text)
    __user_perthread_libspace                0x080052a1   Thumb Code     0  libspace.o(.text)
    __aeabi_errno_addr                       0x080052a9   Thumb Code     8  rt_errno_addr_intlibspace.o(.text)
    __errno$intlibspace                      0x080052a9   Thumb Code     0  rt_errno_addr_intlibspace.o(.text)
    __rt_errno_addr$intlibspace              0x080052a9   Thumb Code     0  rt_errno_addr_intlibspace.o(.text)
    __Heap_ProvideMemory                     0x080052b1   Thumb Code    52  h1_extend.o(.text)
    isspace                                  0x080052e5   Thumb Code    18  isspace.o(.text)
    _sgetc                                   0x080052f7   Thumb Code    30  _sgetc.o(.text)
    _sbackspace                              0x08005315   Thumb Code    34  _sgetc.o(.text)
    __rt_SIGRTMEM                            0x08005337   Thumb Code    14  defsig_rtmem_outer.o(.text)
    __I$use$semihosting                      0x08005345   Thumb Code     0  use_no_semi.o(.text)
    __use_no_semihosting_swi                 0x08005345   Thumb Code     2  use_no_semi.o(.text)
    __semihosting_library_function           0x08005347   Thumb Code     0  indicate_semi.o(.text)
    __user_setup_stackheap                   0x08005347   Thumb Code    74  sys_stackheap_outer.o(.text)
    __rt_ctype_table                         0x08005391   Thumb Code    16  rt_ctype_table.o(.text)
    _scanf_really_real                       0x08005599   Thumb Code   672  scanf_fp.o(.text)
    exit                                     0x08005845   Thumb Code    12  exit.o(.text)
    __sig_exit                               0x08005851   Thumb Code    10  defsig_exit.o(.text)
    __rt_SIGRTMEM_inner                      0x0800585d   Thumb Code    22  defsig_rtmem_inner.o(.text)
    strcmp                                   0x080058ad   Thumb Code   128  strcmpv7m.o(.text)
    __rt_locale                              0x0800592d   Thumb Code     8  rt_locale_intlibspace.o(.text)
    _btod_etento                             0x08005935   Thumb Code   222  bigflt0.o(.text)
    __default_signal_display                 0x08005a19   Thumb Code    50  defsig_general.o(.text)
    _ttywrch                                 0x08005a4b   Thumb Code    14  sys_wrch.o(.text)
    _scanf_really_hex_real                   0x08005a59   Thumb Code   776  scanf_hexfp.o(.text)
    _scanf_really_infnan                     0x08005d6d   Thumb Code   298  scanf_infnan.o(.text)
    __aeabi_llsl                             0x08005ea9   Thumb Code     0  llshl.o(.text)
    _ll_shift_l                              0x08005ea9   Thumb Code    38  llshl.o(.text)
    _chval                                   0x08005ecf   Thumb Code    28  _chval.o(.text)
    __btod_div_common                        0x08005eeb   Thumb Code   696  btod.o(CL$$btod_div_common)
    _e2d                                     0x08006225   Thumb Code    80  btod.o(CL$$btod_e2d)
    _e2e                                     0x08006279   Thumb Code   198  btod.o(CL$$btod_e2e)
    _btod_ediv                               0x0800633f   Thumb Code    40  btod.o(CL$$btod_ediv)
    _btod_edivd                              0x08006367   Thumb Code    40  btod.o(CL$$btod_edivd)
    _btod_emul                               0x0800638f   Thumb Code    40  btod.o(CL$$btod_emul)
    _btod_emuld                              0x080063b7   Thumb Code    40  btod.o(CL$$btod_emuld)
    __btod_mult_common                       0x080063df   Thumb Code   580  btod.o(CL$$btod_mult_common)
    __mathlib_dbl_underflow                  0x08006625   Thumb Code    10  dunder.o(i.__mathlib_dbl_underflow)
    __mathlib_narrow                         0x08006635   Thumb Code    16  narrow.o(i.__mathlib_narrow)
    __mathlib_tofloat                        0x08006645   Thumb Code   132  narrow.o(i.__mathlib_tofloat)
    __support_ldexp                          0x080066cd   Thumb Code    22  ldexp.o(i.__support_ldexp)
    _is_digit                                0x080066e3   Thumb Code    14  __printf_wp.o(i._is_digit)
    atof                                     0x080066f1   Thumb Code    42  atof.o(i.atof)
    frexp                                    0x0800671d   Thumb Code    80  frexp.o(i.frexp)
    ldexp                                    0x08006775   Thumb Code   126  ldexp.o(i.ldexp)
    _get_lc_numeric                          0x080067f5   Thumb Code    44  lc_numeric_c.o(locale$$code)
    _get_lc_ctype                            0x08006821   Thumb Code    44  lc_ctype_c.o(locale$$code)
    __aeabi_d2f                              0x0800684d   Thumb Code     0  d2f.o(x$fpl$d2f)
    _d2f                                     0x0800684d   Thumb Code    98  d2f.o(x$fpl$d2f)
    __aeabi_dadd                             0x080068b1   Thumb Code     0  daddsub_clz.o(x$fpl$dadd)
    _dadd                                    0x080068b1   Thumb Code   332  daddsub_clz.o(x$fpl$dadd)
    __fpl_dcheck_NaN1                        0x08006a01   Thumb Code    10  dcheck1.o(x$fpl$dcheck1)
    __fpl_dcmp_Inf                           0x08006a11   Thumb Code    24  dcmpi.o(x$fpl$dcmpinf)
    __aeabi_ddiv                             0x08006a29   Thumb Code     0  ddiv.o(x$fpl$ddiv)
    _ddiv                                    0x08006a29   Thumb Code   552  ddiv.o(x$fpl$ddiv)
    __aeabi_cdcmpeq                          0x08006cd9   Thumb Code     0  deqf.o(x$fpl$deqf)
    _dcmpeq                                  0x08006cd9   Thumb Code   120  deqf.o(x$fpl$deqf)
    __aeabi_d2uiz                            0x08006d51   Thumb Code     0  dfixu.o(x$fpl$dfixu)
    _dfixu                                   0x08006d51   Thumb Code    90  dfixu.o(x$fpl$dfixu)
    __aeabi_i2d                              0x08006dab   Thumb Code     0  dflt_clz.o(x$fpl$dflt)
    _dflt                                    0x08006dab   Thumb Code    46  dflt_clz.o(x$fpl$dflt)
    __aeabi_ui2d                             0x08006dd9   Thumb Code     0  dflt_clz.o(x$fpl$dfltu)
    _dfltu                                   0x08006dd9   Thumb Code    38  dflt_clz.o(x$fpl$dfltu)
    __aeabi_cdcmple                          0x08006e01   Thumb Code     0  dleqf.o(x$fpl$dleqf)
    _dcmple                                  0x08006e01   Thumb Code   120  dleqf.o(x$fpl$dleqf)
    __fpl_dcmple_InfNaN                      0x08006e63   Thumb Code     0  dleqf.o(x$fpl$dleqf)
    __aeabi_dmul                             0x08006e79   Thumb Code     0  dmul.o(x$fpl$dmul)
    _dmul                                    0x08006e79   Thumb Code   332  dmul.o(x$fpl$dmul)
    __fpl_dnaninf                            0x08006fcd   Thumb Code   156  dnaninf.o(x$fpl$dnaninf)
    __fpl_dretinf                            0x08007069   Thumb Code    12  dretinf.o(x$fpl$dretinf)
    __aeabi_cdrcmple                         0x08007075   Thumb Code     0  drleqf.o(x$fpl$drleqf)
    _drcmple                                 0x08007075   Thumb Code   108  drleqf.o(x$fpl$drleqf)
    __aeabi_dsub                             0x080070e1   Thumb Code     0  daddsub_clz.o(x$fpl$dsub)
    _dsub                                    0x080070e1   Thumb Code   464  daddsub_clz.o(x$fpl$dsub)
    __aeabi_f2d                              0x080072b5   Thumb Code     0  f2d.o(x$fpl$f2d)
    _f2d                                     0x080072b5   Thumb Code    86  f2d.o(x$fpl$f2d)
    __aeabi_fdiv                             0x0800730d   Thumb Code     0  fdiv.o(x$fpl$fdiv)
    _fdiv                                    0x0800730d   Thumb Code   384  fdiv.o(x$fpl$fdiv)
    __aeabi_f2uiz                            0x08007491   Thumb Code     0  ffixu.o(x$fpl$ffixu)
    _ffixu                                   0x08007491   Thumb Code    62  ffixu.o(x$fpl$ffixu)
    __aeabi_ui2f                             0x080074d1   Thumb Code     0  fflt_clz.o(x$fpl$ffltu)
    _ffltu                                   0x080074d1   Thumb Code    38  fflt_clz.o(x$fpl$ffltu)
    __aeabi_fmul                             0x080074f9   Thumb Code     0  fmul.o(x$fpl$fmul)
    _fmul                                    0x080074f9   Thumb Code   258  fmul.o(x$fpl$fmul)
    __fpl_fnaninf                            0x080075fb   Thumb Code   140  fnaninf.o(x$fpl$fnaninf)
    __fpl_fretinf                            0x08007687   Thumb Code    10  fretinf.o(x$fpl$fretinf)
    __fpl_return_NaN                         0x08007691   Thumb Code   100  retnan.o(x$fpl$retnan)
    __ARM_scalbn                             0x080076f5   Thumb Code    92  scalbn.o(x$fpl$scalbn)
    _scanf_real                              0x08007751   Thumb Code     4  scanf1.o(x$fpl$scanf1)
    _scanf_hex_real                          0x08007755   Thumb Code     4  scanf2.o(x$fpl$scanf2)
    _scanf_infnan                            0x08007759   Thumb Code     4  scanf2.o(x$fpl$scanf2)
    __fpl_cmpreturn                          0x0800775d   Thumb Code    48  trapv.o(x$fpl$trapveneer)
    __I$use$fp                               0x0800778c   Number         0  usenofp.o(x$fpl$usenofp)
    Region$$Table$$Base                      0x08007aa0   Number         0  anon$$obj.o(Region$$Table)
    Region$$Table$$Limit                     0x08007ac0   Number         0  anon$$obj.o(Region$$Table)
    __aeabi_HUGE_VAL                         0x08007ac0   Data           0  fpconst.o(c$$dinf)
    __aeabi_HUGE_VALL                        0x08007ac0   Data           0  fpconst.o(c$$dinf)
    __aeabi_INFINITY                         0x08007ac0   Data           0  fpconst.o(c$$dinf)
    __dInf                                   0x08007ac0   Data           0  fpconst.o(c$$dinf)
    __huge_val                               0x08007ac0   Data           0  fpconst.o(c$$dinf)
    __ctype                                  0x08007af1   Data           0  lc_ctype_c.o(locale$$data)
    sendToDvr                                0x20000000   Data           4  main.o(.data)
    sendStart                                0x20000004   Data           4  main.o(.data)
    s_windSpeed                              0x20000008   Data           4  main.o(.data)
    s_windDir                                0x2000000c   Data           4  main.o(.data)
    s_temperature                            0x20000010   Data           4  main.o(.data)
    s_humidity                               0x20000014   Data           4  main.o(.data)
    s_pressure                               0x20000018   Data           4  main.o(.data)
    s_tsp                                    0x2000001c   Data           4  main.o(.data)
    s_pm10                                   0x20000020   Data           4  main.o(.data)
    s_pm25                                   0x20000024   Data           4  main.o(.data)
    s_noise                                  0x20000028   Data           4  main.o(.data)
    sendEnd                                  0x2000002c   Data           4  main.o(.data)
    s_temp                                   0x20000030   Data           4  main.o(.data)
    s_co                                     0x20000034   Data           4  main.o(.data)
    s_no2                                    0x20000038   Data           4  main.o(.data)
    s_so2                                    0x2000003c   Data           4  main.o(.data)
    s_o3                                     0x20000040   Data           4  main.o(.data)
    s_tvoc                                   0x20000044   Data           4  main.o(.data)
    adcx                                     0x20000048   Data           2  main.o(.data)
    adcy                                     0x2000004a   Data           2  main.o(.data)
    voltage_vs                               0x2000004c   Data           4  main.o(.data)
    voltage_mpx                              0x20000050   Data           4  main.o(.data)
    voltage_pwm                              0x20000054   Data           4  main.o(.data)
    tempHumidity                             0x20000058   Data           2  main.o(.data)
    tempTemperature                          0x2000005a   Data           2  main.o(.data)
    pressure                                 0x2000005c   Data           2  main.o(.data)
    SystemCoreClock                          0x20000060   Data           4  system_stm32f10x.o(.data)
    AHBPrescTable                            0x20000064   Data          16  system_stm32f10x.o(.data)
    Sensor_Data                              0x20000074   Data           5  am2305.o(.data)
    Sensor_Check                             0x20000079   Data           1  am2305.o(.data)
    Sensor_AnswerFlag                        0x2000007a   Data           1  am2305.o(.data)
    Sensor_ErrorFlag                         0x2000007b   Data           1  am2305.o(.data)
    Sys_CNT                                  0x2000007c   Data           4  am2305.o(.data)
    Tmp                                      0x20000080   Data           4  am2305.o(.data)
    OutdoorHumidity                          0x20000084   Data           2  am2305.o(.data)
    OutdoorTemperature                       0x20000086   Data           2  am2305.o(.data)
    WindErrorCnt                             0x20000088   Data           1  fsx2.o(.data)
    TemHumErrorCnt                           0x20000089   Data           1  fsx2.o(.data)
    PmErrorCnt                               0x2000008a   Data           1  fsx2.o(.data)
    CoErrorCnt                               0x2000008b   Data           1  fsx2.o(.data)
    No2ErrorCnt                              0x2000008c   Data           1  fsx2.o(.data)
    So2ErrorCnt                              0x2000008d   Data           1  fsx2.o(.data)
    O3ErrorCnt                               0x2000008e   Data           1  fsx2.o(.data)
    H2sErrorCnt                              0x2000008f   Data           1  fsx2.o(.data)
    TvocErrorCnt                             0x20000090   Data           1  fsx2.o(.data)
    OutdoorHumidityTem                       0x20000092   Data           2  fsx2.o(.data)
    OutdoorTemperatureTem                    0x20000094   Data           2  fsx2.o(.data)
    FSX_TX_BUF                               0x20000096   Data           8  fsx2.o(.data)
    FS_TX_BUF                                0x2000009e   Data           8  fsx2.o(.data)
    FX_TX_BUF                                0x200000a6   Data           8  fsx2.o(.data)
    YLY_TX_BUF                               0x200000ae   Data          43  fsx2.o(.data)
    USX_TX_BUF                               0x200000d9   Data           8  fsx2.o(.data)
    TH_TX_BUF                                0x200000e1   Data           8  fsx2.o(.data)
    CLD_TX_BUF                               0x200000e9   Data           5  fsx2.o(.data)
    LD_TX_BUF                                0x200000ee   Data           8  fsx2.o(.data)
    CO_TX_BUF                                0x200000f6   Data          11  fsx2.o(.data)
    NO2_TX_BUF                               0x20000101   Data          11  fsx2.o(.data)
    SO2_TX_BUF                               0x2000010c   Data          11  fsx2.o(.data)
    O3_TX_BUF                                0x20000117   Data          11  fsx2.o(.data)
    H2S_TX_BUF                               0x20000122   Data          11  fsx2.o(.data)
    TVOC_TX_BUF                              0x2000012d   Data           8  fsx2.o(.data)
    windSpeed                                0x20000136   Data           2  fsx2.o(.data)
    windDir                                  0x20000138   Data           2  fsx2.o(.data)
    LaserPm10                                0x2000013a   Data           2  fsx2.o(.data)
    LaserTsp                                 0x2000013c   Data           2  fsx2.o(.data)
    LaserPm25                                0x2000013e   Data           2  fsx2.o(.data)
    CoPpm                                    0x20000140   Data           4  fsx2.o(.data)
    No2Ppm                                   0x20000144   Data           4  fsx2.o(.data)
    So2Ppm                                   0x20000148   Data           4  fsx2.o(.data)
    O3Ppm                                    0x2000014c   Data           4  fsx2.o(.data)
    TVOCPpm                                  0x20000150   Data           4  fsx2.o(.data)
    H2sPpm                                   0x20000154   Data           4  fsx2.o(.data)
    CoCnt                                    0x20000158   Data           1  fsx2.o(.data)
    No2Cnt                                   0x20000159   Data           1  fsx2.o(.data)
    So2Cnt                                   0x2000015a   Data           1  fsx2.o(.data)
    O3Cnt                                    0x2000015b   Data           1  fsx2.o(.data)
    H2sCnt                                   0x2000015c   Data           1  fsx2.o(.data)
    TVOCCnt                                  0x2000015d   Data           1  fsx2.o(.data)
    randSeed                                 0x2000015e   Data           2  fsx2.o(.data)
    randK                                    0x20000160   Data           4  fsx2.o(.data)
    tmd                                      0x20000164   Data           4  fsx2.o(.data)
    noise                                    0x20000168   Data           2  awa5636.o(.data)
    res_cut                                  0x2000016a   Data           2  awa5636.o(.data)
    AWA_TX_BUF                               0x2000016c   Data           8  awa5636.o(.data)
    des2                                     0x20000174   Data           5  awa5636.o(.data)
    des3                                     0x20000179   Data           6  awa5636.o(.data)
    g_tEncode                                0x20000180   Data           4  pluse_encode.o(.data)
    RS485_RX_CNT                             0x20000184   Data           1  rs485.o(.data)
    USART_RX_STA                             0x2000018c   Data           2  usart.o(.data)
    __stdout                                 0x20000190   Data           4  usart.o(.data)
    RS485_Baudrate                           0x200001a8   Data           4  modbus_slave.o(.data)
    RS485_Parity                             0x200001ac   Data           1  modbus_slave.o(.data)
    RS485_Addr                               0x200001ad   Data           1  modbus_slave.o(.data)
    RS485_Frame_Distance                     0x200001ae   Data           2  modbus_slave.o(.data)
    RS485_RX_CNTT                            0x200001b0   Data           2  modbus_slave.o(.data)
    RS485_FrameFlag                          0x200001b2   Data           1  modbus_slave.o(.data)
    RS485_TX_CNT                             0x200001b4   Data           2  modbus_slave.o(.data)
    inputRegFirst                            0x200001b6   Data           2  modbus_slave.o(.data)
    holdRegFirst                             0x200001b8   Data           2  modbus_slave.o(.data)
    windSpeedDirType                         0x200001ba   Data           2  modbus_slave.o(.data)
    laserType                                0x200001bc   Data           2  modbus_slave.o(.data)
    noiseType                                0x200001be   Data           2  modbus_slave.o(.data)
    startRegAddr                             0x200001c0   Data           2  modbus_slave.o(.data)
    RegNum                                   0x200001c2   Data           2  modbus_slave.o(.data)
    calCRC                                   0x200001c4   Data           2  modbus_slave.o(.data)
    ADCConvertedValue                        0x200001cc   Data          40  main.o(.bss)
    FSX_RX_BUF                               0x200001f4   Data          64  fsx2.o(.bss)
    TH_RX_BUF                                0x20000234   Data          64  fsx2.o(.bss)
    USX_RX_BUF                               0x20000274   Data          64  fsx2.o(.bss)
    CLD_RX_BUF                               0x200002b4   Data          64  fsx2.o(.bss)
    LD_RX_BUF                                0x200002f4   Data          64  fsx2.o(.bss)
    CO_RX_BUF                                0x20000334   Data          64  fsx2.o(.bss)
    NO2_RX_BUF                               0x20000374   Data          64  fsx2.o(.bss)
    SO2_RX_BUF                               0x200003b4   Data          64  fsx2.o(.bss)
    O3_RX_BUF                                0x200003f4   Data          64  fsx2.o(.bss)
    H2S_RX_BUF                               0x20000434   Data          64  fsx2.o(.bss)
    TVOC_RX_BUF                              0x20000474   Data          64  fsx2.o(.bss)
    CoPpmBuf                                 0x200004b4   Data         256  fsx2.o(.bss)
    No2PpmBuf                                0x200005b4   Data         256  fsx2.o(.bss)
    So2PpmBuf                                0x200006b4   Data         256  fsx2.o(.bss)
    O3PpmBuf                                 0x200007b4   Data         256  fsx2.o(.bss)
    H2sPpmBuf                                0x200008b4   Data         256  fsx2.o(.bss)
    TVOCPpmBuf                               0x200009b4   Data         256  fsx2.o(.bss)
    AWA_RX_BUF                               0x20000ab4   Data         200  awa5636.o(.bss)
    des1                                     0x20000b7c   Data          20  awa5636.o(.bss)
    RS485_RX_BUF                             0x20000b90   Data          64  rs485.o(.bss)
    USART_RX_BUF                             0x20000bd0   Data          50  usart.o(.bss)
    USART_TX_BUF                             0x20000c02   Data          50  usart.o(.bss)
    Receive_Buffer                           0x20000c34   Data          50  usart.o(.bss)
    RS485_RX_BUFF                            0x20000c68   Data        2048  modbus_slave.o(.bss)
    RS485_TX_BUFF                            0x20001468   Data        2048  modbus_slave.o(.bss)
    Modbus_InputIO                           0x20001c68   Data         400  modbus_slave.o(.bss)
    Modbus_OutputIO                          0x20001df8   Data         400  modbus_slave.o(.bss)
    Modbus_HoldReg                           0x20001f88   Data         400  modbus_slave.o(.bss)
    Modbus_InputReg                          0x20002118   Data         400  modbus_slave.o(.bss)
    __libspace_start                         0x200022a8   Data          96  libspace.o(.bss)
    __temporary_stack_top$libspace           0x20002308   Data           0  libspace.o(.bss)



==============================================================================

Memory Map of the image

  Image Entry point : 0x08000131

  Load Region LR_IROM1 (Base: 0x08000000, Size: 0x00007dc0, Max: 0x00080000, ABSOLUTE, COMPRESSED[0x00007ccc])

    Execution Region ER_IROM1 (Base: 0x08000000, Size: 0x00007bf4, Max: 0x00080000, ABSOLUTE)

    Base Addr    Size         Type   Attr      Idx    E Section Name        Object

    0x08000000   0x00000130   Data   RO          559    RESET               startup_stm32f10x_hd.o
    0x08000130   0x00000008   Code   RO          833  * !!!main             c_w.l(__main.o)
    0x08000138   0x00000034   Code   RO         1216    !!!scatter          c_w.l(__scatter.o)
    0x0800016c   0x0000005a   Code   RO         1214    !!dczerorl2         c_w.l(__dczerorl2.o)
    0x080001c6   0x00000002   PAD
    0x080001c8   0x0000001c   Code   RO         1218    !!handler_zi        c_w.l(__scatter_zi.o)
    0x080001e4   0x00000000   Code   RO          817    .ARM.Collect$$_printf_percent$$00000000  c_w.l(_printf_percent.o)
    0x080001e4   0x00000006   Code   RO          816    .ARM.Collect$$_printf_percent$$00000009  c_w.l(_printf_d.o)
    0x080001ea   0x00000004   Code   RO          919    .ARM.Collect$$_printf_percent$$00000017  c_w.l(_printf_percent_end.o)
    0x080001ee   0x00000002   Code   RO         1067    .ARM.Collect$$libinit$$00000000  c_w.l(libinit.o)
    0x080001f0   0x00000000   Code   RO          929    .ARM.Collect$$libinit$$00000002  c_w.l(libinit2.o)
    0x080001f0   0x00000008   Code   RO          930    .ARM.Collect$$libinit$$00000003  c_w.l(libinit2.o)
    0x080001f8   0x00000000   Code   RO          932    .ARM.Collect$$libinit$$00000008  c_w.l(libinit2.o)
    0x080001f8   0x00000000   Code   RO          934    .ARM.Collect$$libinit$$0000000A  c_w.l(libinit2.o)
    0x080001f8   0x00000000   Code   RO          936    .ARM.Collect$$libinit$$0000000C  c_w.l(libinit2.o)
    0x080001f8   0x00000006   Code   RO          937    .ARM.Collect$$libinit$$0000000D  c_w.l(libinit2.o)
    0x080001fe   0x00000000   Code   RO          939    .ARM.Collect$$libinit$$0000000F  c_w.l(libinit2.o)
    0x080001fe   0x0000000c   Code   RO          940    .ARM.Collect$$libinit$$00000010  c_w.l(libinit2.o)
    0x0800020a   0x00000000   Code   RO          941    .ARM.Collect$$libinit$$00000011  c_w.l(libinit2.o)
    0x0800020a   0x00000000   Code   RO          943    .ARM.Collect$$libinit$$00000013  c_w.l(libinit2.o)
    0x0800020a   0x0000000a   Code   RO          944    .ARM.Collect$$libinit$$00000014  c_w.l(libinit2.o)
    0x08000214   0x00000000   Code   RO          945    .ARM.Collect$$libinit$$00000015  c_w.l(libinit2.o)
    0x08000214   0x00000000   Code   RO          947    .ARM.Collect$$libinit$$00000017  c_w.l(libinit2.o)
    0x08000214   0x00000000   Code   RO          949    .ARM.Collect$$libinit$$00000019  c_w.l(libinit2.o)
    0x08000214   0x00000000   Code   RO          951    .ARM.Collect$$libinit$$0000001B  c_w.l(libinit2.o)
    0x08000214   0x00000000   Code   RO          953    .ARM.Collect$$libinit$$0000001D  c_w.l(libinit2.o)
    0x08000214   0x00000000   Code   RO          955    .ARM.Collect$$libinit$$0000001F  c_w.l(libinit2.o)
    0x08000214   0x00000000   Code   RO          957    .ARM.Collect$$libinit$$00000021  c_w.l(libinit2.o)
    0x08000214   0x00000000   Code   RO          959    .ARM.Collect$$libinit$$00000023  c_w.l(libinit2.o)
    0x08000214   0x00000000   Code   RO          963    .ARM.Collect$$libinit$$0000002A  c_w.l(libinit2.o)
    0x08000214   0x00000000   Code   RO          965    .ARM.Collect$$libinit$$0000002C  c_w.l(libinit2.o)
    0x08000214   0x00000000   Code   RO          967    .ARM.Collect$$libinit$$0000002E  c_w.l(libinit2.o)
    0x08000214   0x00000000   Code   RO          969    .ARM.Collect$$libinit$$00000030  c_w.l(libinit2.o)
    0x08000214   0x00000002   Code   RO          970    .ARM.Collect$$libinit$$00000031  c_w.l(libinit2.o)
    0x08000216   0x00000002   Code   RO         1188    .ARM.Collect$$libshutdown$$00000000  c_w.l(libshutdown.o)
    0x08000218   0x00000000   Code   RO         1113    .ARM.Collect$$libshutdown$$00000003  c_w.l(libshutdown2.o)
    0x08000218   0x00000000   Code   RO         1116    .ARM.Collect$$libshutdown$$00000006  c_w.l(libshutdown2.o)
    0x08000218   0x00000000   Code   RO         1119    .ARM.Collect$$libshutdown$$00000009  c_w.l(libshutdown2.o)
    0x08000218   0x00000000   Code   RO         1121    .ARM.Collect$$libshutdown$$0000000B  c_w.l(libshutdown2.o)
    0x08000218   0x00000000   Code   RO         1124    .ARM.Collect$$libshutdown$$0000000E  c_w.l(libshutdown2.o)
    0x08000218   0x00000002   Code   RO         1125    .ARM.Collect$$libshutdown$$0000000F  c_w.l(libshutdown2.o)
    0x0800021a   0x00000000   Code   RO          885    .ARM.Collect$$rtentry$$00000000  c_w.l(rtentry.o)
    0x0800021a   0x00000000   Code   RO          988    .ARM.Collect$$rtentry$$00000002  c_w.l(rtentry2.o)
    0x0800021a   0x00000006   Code   RO         1000    .ARM.Collect$$rtentry$$00000004  c_w.l(rtentry4.o)
    0x08000220   0x00000000   Code   RO          990    .ARM.Collect$$rtentry$$00000009  c_w.l(rtentry2.o)
    0x08000220   0x00000004   Code   RO          991    .ARM.Collect$$rtentry$$0000000A  c_w.l(rtentry2.o)
    0x08000224   0x00000000   Code   RO          993    .ARM.Collect$$rtentry$$0000000C  c_w.l(rtentry2.o)
    0x08000224   0x00000008   Code   RO          994    .ARM.Collect$$rtentry$$0000000D  c_w.l(rtentry2.o)
    0x0800022c   0x00000002   Code   RO         1068    .ARM.Collect$$rtexit$$00000000  c_w.l(rtexit.o)
    0x0800022e   0x00000000   Code   RO         1146    .ARM.Collect$$rtexit$$00000002  c_w.l(rtexit2.o)
    0x0800022e   0x00000004   Code   RO         1147    .ARM.Collect$$rtexit$$00000003  c_w.l(rtexit2.o)
    0x08000232   0x00000006   Code   RO         1148    .ARM.Collect$$rtexit$$00000004  c_w.l(rtexit2.o)
    0x08000238   0x00000000   Code   RO         1009    .emb_text           c_w.l(maybetermalloc1.o)
    0x08000238   0x00000704   Code   RO            1    .text               main.o
    0x0800093c   0x0000001a   Code   RO          127    .text               stm32f10x_it.o
    0x08000956   0x00000002   PAD
    0x08000958   0x000001dc   Code   RO          189    .text               system_stm32f10x.o
    0x08000b34   0x00000048   Code   RO          207    .text               led.o
    0x08000b7c   0x00000120   Code   RO          271    .text               timer.o
    0x08000c9c   0x00000e44   Code   RO          366    .text               fsx2.o
    0x08001ae0   0x0000013c   Code   RO          389    .text               response.o
    0x08001c1c   0x0000023c   Code   RO          441    .text               awa5636.o
    0x08001e58   0x000001cc   Code   RO          460    .text               pluse_encode.o
    0x08002024   0x000001ac   Code   RO          478    .text               rs485.o
    0x080021d0   0x000000d0   Code   RO          497    .text               delay.o
    0x080022a0   0x0000000c   Code   RO          511    .text               sys.o
    0x080022ac   0x00000114   Code   RO          523    .text               usart.o
    0x080023c0   0x00000040   Code   RO          560    .text               startup_stm32f10x_hd.o
    0x08002400   0x000000dc   Code   RO          564    .text               misc.o
    0x080024dc   0x00000358   Code   RO          576    .text               stm32f10x_gpio.o
    0x08002834   0x000003a4   Code   RO          588    .text               stm32f10x_rcc.o
    0x08002bd8   0x00000408   Code   RO          602    .text               stm32f10x_usart.o
    0x08002fe0   0x00000e1a   Code   RO          626    .text               stm32f10x_tim.o
    0x08003dfa   0x00000002   PAD
    0x08003dfc   0x0000044e   Code   RO          650    .text               stm32f10x_adc.o
    0x0800424a   0x00000002   PAD
    0x0800424c   0x00000250   Code   RO          674    .text               stm32f10x_dma.o
    0x0800449c   0x00000758   Code   RO          686    .text               modbus_slave.o
    0x08004bf4   0x00000050   Code   RO          710    .text               mbcrc.o
    0x08004c44   0x0000005e   Code   RO          730    .text               c_w.l(h1_alloc.o)
    0x08004ca2   0x0000004e   Code   RO          732    .text               c_w.l(h1_free.o)
    0x08004cf0   0x00000028   Code   RO          790    .text               c_w.l(noretval__2sprintf.o)
    0x08004d18   0x00000068   Code   RO          792    .text               c_w.l(__printf.o)
    0x08004d80   0x00000078   Code   RO          794    .text               c_w.l(_printf_dec.o)
    0x08004df8   0x00000024   Code   RO          818    .text               c_w.l(ANSI_rand.o)
    0x08004e1c   0x0000003e   Code   RO          821    .text               c_w.l(strlen.o)
    0x08004e5a   0x00000018   Code   RO          823    .text               c_w.l(strcat.o)
    0x08004e72   0x0000008a   Code   RO          825    .text               c_w.l(rt_memcpy_v6.o)
    0x08004efc   0x00000044   Code   RO          827    .text               c_w.l(rt_memclr.o)
    0x08004f40   0x00000056   Code   RO          829    .text               c_w.l(strncpy.o)
    0x08004f96   0x00000006   Code   RO          831    .text               c_w.l(heapauxi.o)
    0x08004f9c   0x00000008   Code   RO          889    .text               c_w.l(rt_heap_descriptor_intlibspace.o)
    0x08004fa4   0x00000004   Code   RO          891    .text               c_w.l(hguard.o)
    0x08004fa8   0x0000008a   Code   RO          893    .text               c_w.l(init_alloc.o)
    0x08005032   0x0000000e   Code   RO          897    .text               c_w.l(h1_init.o)
    0x08005040   0x00000016   Code   RO          911    .text               c_w.l(_rserrno.o)
    0x08005056   0x000000b8   Code   RO          913    .text               c_w.l(_printf_intcommon.o)
    0x0800510e   0x00000002   PAD
    0x08005110   0x00000030   Code   RO          915    .text               c_w.l(_printf_char_common.o)
    0x08005140   0x0000000a   Code   RO          917    .text               c_w.l(_sputc.o)
    0x0800514a   0x00000002   PAD
    0x0800514c   0x000000a0   Code   RO          920    .text               c_w.l(strtod.o)
    0x080051ec   0x00000064   Code   RO          922    .text               c_w.l(rt_memcpy_w.o)
    0x08005250   0x0000004e   Code   RO          924    .text               c_w.l(rt_memclr_w.o)
    0x0800529e   0x00000002   PAD
    0x080052a0   0x00000008   Code   RO          984    .text               c_w.l(libspace.o)
    0x080052a8   0x00000008   Code   RO         1005    .text               c_w.l(rt_errno_addr_intlibspace.o)
    0x080052b0   0x00000034   Code   RO         1011    .text               c_w.l(h1_extend.o)
    0x080052e4   0x00000012   Code   RO         1015    .text               c_w.l(isspace.o)
    0x080052f6   0x00000040   Code   RO         1019    .text               c_w.l(_sgetc.o)
    0x08005336   0x0000000e   Code   RO         1024    .text               c_w.l(defsig_rtmem_outer.o)
    0x08005344   0x00000002   Code   RO         1037    .text               c_w.l(use_no_semi.o)
    0x08005346   0x00000000   Code   RO         1039    .text               c_w.l(indicate_semi.o)
    0x08005346   0x0000004a   Code   RO         1040    .text               c_w.l(sys_stackheap_outer.o)
    0x08005390   0x00000010   Code   RO         1042    .text               c_w.l(rt_ctype_table.o)
    0x080053a0   0x000004a4   Code   RO         1048    .text               c_w.l(scanf_fp.o)
    0x08005844   0x0000000c   Code   RO         1050    .text               c_w.l(exit.o)
    0x08005850   0x0000000a   Code   RO         1052    .text               c_w.l(defsig_exit.o)
    0x0800585a   0x00000002   PAD
    0x0800585c   0x00000050   Code   RO         1054    .text               c_w.l(defsig_rtmem_inner.o)
    0x080058ac   0x00000080   Code   RO         1056    .text               c_w.l(strcmpv7m.o)
    0x0800592c   0x00000008   Code   RO         1073    .text               c_w.l(rt_locale_intlibspace.o)
    0x08005934   0x000000e4   Code   RO         1079    .text               c_w.l(bigflt0.o)
    0x08005a18   0x00000032   Code   RO         1109    .text               c_w.l(defsig_general.o)
    0x08005a4a   0x0000000e   Code   RO         1143    .text               c_w.l(sys_wrch.o)
    0x08005a58   0x00000314   Code   RO         1152    .text               c_w.l(scanf_hexfp.o)
    0x08005d6c   0x0000013c   Code   RO         1154    .text               c_w.l(scanf_infnan.o)
    0x08005ea8   0x00000026   Code   RO         1166    .text               c_w.l(llshl.o)
    0x08005ece   0x0000001c   Code   RO         1168    .text               c_w.l(_chval.o)
    0x08005eea   0x00000338   Code   RO         1092    CL$$btod_div_common  c_w.l(btod.o)
    0x08006222   0x00000002   PAD
    0x08006224   0x00000054   Code   RO         1090    CL$$btod_e2d        c_w.l(btod.o)
    0x08006278   0x000000c6   Code   RO         1089    CL$$btod_e2e        c_w.l(btod.o)
    0x0800633e   0x00000028   Code   RO         1086    CL$$btod_ediv       c_w.l(btod.o)
    0x08006366   0x00000028   Code   RO         1088    CL$$btod_edivd      c_w.l(btod.o)
    0x0800638e   0x00000028   Code   RO         1085    CL$$btod_emul       c_w.l(btod.o)
    0x080063b6   0x00000028   Code   RO         1087    CL$$btod_emuld      c_w.l(btod.o)
    0x080063de   0x00000244   Code   RO         1091    CL$$btod_mult_common  c_w.l(btod.o)
    0x08006622   0x00000002   PAD
    0x08006624   0x00000010   Code   RO         1205    i.__mathlib_dbl_underflow  m_ws.l(dunder.o)
    0x08006634   0x00000010   Code   RO         1137    i.__mathlib_narrow  m_ws.l(narrow.o)
    0x08006644   0x00000088   Code   RO         1138    i.__mathlib_tofloat  m_ws.l(narrow.o)
    0x080066cc   0x00000016   Code   RO         1192    i.__support_ldexp   m_ws.l(ldexp.o)
    0x080066e2   0x0000000e   Code   RO          806    i._is_digit         c_w.l(__printf_wp.o)
    0x080066f0   0x0000002a   Code   RO          880    i.atof              m_ws.l(atof.o)
    0x0800671a   0x00000002   PAD
    0x0800671c   0x00000058   Code   RO         1163    i.frexp             m_ws.l(frexp.o)
    0x08006774   0x0000007e   Code   RO         1193    i.ldexp             m_ws.l(ldexp.o)
    0x080067f2   0x00000002   PAD
    0x080067f4   0x0000002c   Code   RO         1022    locale$$code        c_w.l(lc_numeric_c.o)
    0x08006820   0x0000002c   Code   RO         1105    locale$$code        c_w.l(lc_ctype_c.o)
    0x0800684c   0x00000062   Code   RO          835    x$fpl$d2f           fz_ws.l(d2f.o)
    0x080068ae   0x00000002   PAD
    0x080068b0   0x00000150   Code   RO          837    x$fpl$dadd          fz_ws.l(daddsub_clz.o)
    0x08006a00   0x00000010   Code   RO         1203    x$fpl$dcheck1       fz_ws.l(dcheck1.o)
    0x08006a10   0x00000018   Code   RO          971    x$fpl$dcmpinf       fz_ws.l(dcmpi.o)
    0x08006a28   0x000002b0   Code   RO          844    x$fpl$ddiv          fz_ws.l(ddiv.o)
    0x08006cd8   0x00000078   Code   RO         1158    x$fpl$deqf          fz_ws.l(deqf.o)
    0x08006d50   0x0000005a   Code   RO          847    x$fpl$dfixu         fz_ws.l(dfixu.o)
    0x08006daa   0x0000002e   Code   RO          852    x$fpl$dflt          fz_ws.l(dflt_clz.o)
    0x08006dd8   0x00000026   Code   RO          851    x$fpl$dfltu         fz_ws.l(dflt_clz.o)
    0x08006dfe   0x00000002   PAD
    0x08006e00   0x00000078   Code   RO          857    x$fpl$dleqf         fz_ws.l(dleqf.o)
    0x08006e78   0x00000154   Code   RO          859    x$fpl$dmul          fz_ws.l(dmul.o)
    0x08006fcc   0x0000009c   Code   RO          973    x$fpl$dnaninf       fz_ws.l(dnaninf.o)
    0x08007068   0x0000000c   Code   RO          975    x$fpl$dretinf       fz_ws.l(dretinf.o)
    0x08007074   0x0000006c   Code   RO         1160    x$fpl$drleqf        fz_ws.l(drleqf.o)
    0x080070e0   0x000001d4   Code   RO          839    x$fpl$dsub          fz_ws.l(daddsub_clz.o)
    0x080072b4   0x00000056   Code   RO          861    x$fpl$f2d           fz_ws.l(f2d.o)
    0x0800730a   0x00000002   PAD
    0x0800730c   0x00000184   Code   RO          864    x$fpl$fdiv          fz_ws.l(fdiv.o)
    0x08007490   0x0000003e   Code   RO          867    x$fpl$ffixu         fz_ws.l(ffixu.o)
    0x080074ce   0x00000002   PAD
    0x080074d0   0x00000026   Code   RO          871    x$fpl$ffltu         fz_ws.l(fflt_clz.o)
    0x080074f6   0x00000002   PAD
    0x080074f8   0x00000102   Code   RO          877    x$fpl$fmul          fz_ws.l(fmul.o)
    0x080075fa   0x0000008c   Code   RO          977    x$fpl$fnaninf       fz_ws.l(fnaninf.o)
    0x08007686   0x0000000a   Code   RO          979    x$fpl$fretinf       fz_ws.l(fretinf.o)
    0x08007690   0x00000064   Code   RO         1208    x$fpl$retnan        fz_ws.l(retnan.o)
    0x080076f4   0x0000005c   Code   RO         1189    x$fpl$scalbn        fz_ws.l(scalbn.o)
    0x08007750   0x00000004   Code   RO         1035    x$fpl$scanf1        fz_ws.l(scanf1.o)
    0x08007754   0x00000008   Code   RO         1131    x$fpl$scanf2        fz_ws.l(scanf2.o)
    0x0800775c   0x00000030   Code   RO         1210    x$fpl$trapveneer    fz_ws.l(trapv.o)
    0x0800778c   0x00000000   Code   RO          981    x$fpl$usenofp       fz_ws.l(usenofp.o)
    0x0800778c   0x00000200   Data   RO          711    .constdata          mbcrc.o
    0x0800798c   0x00000094   Data   RO         1080    .constdata          c_w.l(bigflt0.o)
    0x08007a20   0x0000007f   Data   RO            3    .conststring        main.o
    0x08007a9f   0x00000001   PAD
    0x08007aa0   0x00000020   Data   RO         1212    Region$$Table       anon$$obj.o
    0x08007ac0   0x00000008   Data   RO         1126    c$$dinf             fz_ws.l(fpconst.o)
    0x08007ac8   0x0000001c   Data   RO         1021    locale$$data        c_w.l(lc_numeric_c.o)
    0x08007ae4   0x00000110   Data   RO         1104    locale$$data        c_w.l(lc_ctype_c.o)


    Execution Region RW_IRAM1 (Base: 0x20000000, Size: 0x00002908, Max: 0x00010000, ABSOLUTE, COMPRESSED[0x000000d8])

    Base Addr    Size         Type   Attr      Idx    E Section Name        Object

    0x20000000   0x0000005e   Data   RW            4    .data               main.o
    0x2000005e   0x00000002   PAD
    0x20000060   0x00000014   Data   RW          190    .data               system_stm32f10x.o
    0x20000074   0x00000014   Data   RW          331    .data               am2305.o
    0x20000088   0x000000e0   Data   RW          368    .data               fsx2.o
    0x20000168   0x00000017   Data   RW          443    .data               awa5636.o
    0x2000017f   0x00000001   PAD
    0x20000180   0x00000004   Data   RW          461    .data               pluse_encode.o
    0x20000184   0x00000001   Data   RW          480    .data               rs485.o
    0x20000185   0x00000001   PAD
    0x20000186   0x00000004   Data   RW          498    .data               delay.o
    0x2000018a   0x00000002   PAD
    0x2000018c   0x00000008   Data   RW          525    .data               usart.o
    0x20000194   0x00000014   Data   RW          589    .data               stm32f10x_rcc.o
    0x200001a8   0x0000001e   Data   RW          688    .data               modbus_slave.o
    0x200001c6   0x00000002   PAD
    0x200001c8   0x00000004   Data   RW          819    .data               c_w.l(ANSI_rand.o)
    0x200001cc   0x00000028   Zero   RW            2    .bss                main.o
    0x200001f4   0x000008c0   Zero   RW          367    .bss                fsx2.o
    0x20000ab4   0x000000dc   Zero   RW          442    .bss                awa5636.o
    0x20000b90   0x00000040   Zero   RW          479    .bss                rs485.o
    0x20000bd0   0x00000096   Zero   RW          524    .bss                usart.o
    0x20000c66   0x00000002   PAD
    0x20000c68   0x00001640   Zero   RW          687    .bss                modbus_slave.o
    0x200022a8   0x00000060   Zero   RW          985    .bss                c_w.l(libspace.o)
    0x20002308   0x00000200   Zero   RW          558    HEAP                startup_stm32f10x_hd.o
    0x20002508   0x00000400   Zero   RW          557    STACK               startup_stm32f10x_hd.o


==============================================================================

Image component sizes


      Code (inc. data)   RO Data    RW Data    ZI Data      Debug   Object Name

         0          0          0         20          0        981   am2305.o
       572         50          0         23        220       2469   awa5636.o
         0          0          0          0          0         32   core_cm3.o
       208         18          0          4          0       1055   delay.o
      3652        314          0        224       2240      10500   fsx2.o
        72         10          0          0          0     214379   led.o
      1796        244        127         94         40     238357   main.o
        80          8        512          0          0       1469   mbcrc.o
       220         20          0          0          0       1833   misc.o
      1880        168          0         30       5696       5413   modbus_slave.o
       460         22          0          4          0       2528   pluse_encode.o
       316         20          0          0          0       1468   response.o
       428         26          0          1         64       2202   rs485.o
        64         26        304          0       1536        768   startup_stm32f10x_hd.o
      1102         26          0          0          0      10869   stm32f10x_adc.o
       592          8          0          0          0       4362   stm32f10x_dma.o
       856         40          0          0          0       5681   stm32f10x_gpio.o
        26          0          0          0          0      54626   stm32f10x_it.o
       932         44          0         20          0       8872   stm32f10x_rcc.o
      3610         88          0          0          0      22164   stm32f10x_tim.o
      1032         22          0          0          0       8404   stm32f10x_usart.o
        12          0          0          0          0        469   sys.o
       476         36          0         20          0       1791   system_stm32f10x.o
       288         18          0          0          0       1230   timer.o
       276         20          0          8        150       3331   usart.o

    ----------------------------------------------------------------------
     18956       1228        976        456       9948     605253   Object Totals
         0          0         32          0          0          0   (incl. Generated)
         6          0          1          8          2          0   (incl. Padding)

    ----------------------------------------------------------------------

      Code (inc. data)   RO Data    RW Data    ZI Data      Debug   Library Member Name

        36          8          0          4          0         84   ANSI_rand.o
        90          0          0          0          0          0   __dczerorl2.o
         8          0          0          0          0         68   __main.o
       104          0          0          0          0         84   __printf.o
        14          0          0          0          0         68   __printf_wp.o
        52          8          0          0          0          0   __scatter.o
        28          0          0          0          0          0   __scatter_zi.o
        28          0          0          0          0         68   _chval.o
        48          6          0          0          0         96   _printf_char_common.o
         6          0          0          0          0          0   _printf_d.o
       120         18          0          0          0         92   _printf_dec.o
       184          0          0          0          0         88   _printf_intcommon.o
         0          0          0          0          0          0   _printf_percent.o
         4          0          0          0          0          0   _printf_percent_end.o
        22          0          0          0          0        100   _rserrno.o
        64          0          0          0          0         84   _sgetc.o
        10          0          0          0          0         68   _sputc.o
       228          6        148          0          0         96   bigflt0.o
      1846        132          0          0          0        736   btod.o
        10          0          0          0          0         68   defsig_exit.o
        50          0          0          0          0         88   defsig_general.o
        80         58          0          0          0         76   defsig_rtmem_inner.o
        14          0          0          0          0         80   defsig_rtmem_outer.o
        12          0          0          0          0         72   exit.o
        94          0          0          0          0         80   h1_alloc.o
        52          0          0          0          0         68   h1_extend.o
        78          0          0          0          0         80   h1_free.o
        14          0          0          0          0         84   h1_init.o
         6          0          0          0          0        152   heapauxi.o
         4          0          0          0          0        136   hguard.o
         0          0          0          0          0          0   indicate_semi.o
       138          0          0          0          0        168   init_alloc.o
        18          0          0          0          0         76   isspace.o
        44         10        272          0          0         76   lc_ctype_c.o
        44         10         28          0          0         76   lc_numeric_c.o
         2          0          0          0          0          0   libinit.o
        38          0          0          0          0          0   libinit2.o
         2          0          0          0          0          0   libshutdown.o
         2          0          0          0          0          0   libshutdown2.o
         8          4          0          0         96         68   libspace.o
        38          0          0          0          0         68   llshl.o
         0          0          0          0          0          0   maybetermalloc1.o
        40          6          0          0          0         84   noretval__2sprintf.o
        16          4          0          0          0         76   rt_ctype_table.o
         8          4          0          0          0         68   rt_errno_addr_intlibspace.o
         8          4          0          0          0         68   rt_heap_descriptor_intlibspace.o
         8          4          0          0          0         68   rt_locale_intlibspace.o
        68          0          0          0          0         68   rt_memclr.o
        78          0          0          0          0         80   rt_memclr_w.o
       138          0          0          0          0         68   rt_memcpy_v6.o
       100          0          0          0          0         80   rt_memcpy_w.o
         0          0          0          0          0          0   rtentry.o
        12          0          0          0          0          0   rtentry2.o
         6          0          0          0          0          0   rtentry4.o
         2          0          0          0          0          0   rtexit.o
        10          0          0          0          0          0   rtexit2.o
      1188         12          0          0          0        148   scanf_fp.o
       788         12          0          0          0        100   scanf_hexfp.o
       316         18          0          0          0        100   scanf_infnan.o
        24          0          0          0          0         68   strcat.o
       128          0          0          0          0         68   strcmpv7m.o
        62          0          0          0          0         76   strlen.o
        86          0          0          0          0         76   strncpy.o
       160         12          0          0          0        120   strtod.o
        74          0          0          0          0         80   sys_stackheap_outer.o
        14          0          0          0          0         76   sys_wrch.o
         2          0          0          0          0         68   use_no_semi.o
        98          4          0          0          0         92   d2f.o
       804         16          0          0          0        272   daddsub_clz.o
        16          4          0          0          0         68   dcheck1.o
        24          0          0          0          0         68   dcmpi.o
       688        140          0          0          0        208   ddiv.o
       120          4          0          0          0         92   deqf.o
        90          4          0          0          0         92   dfixu.o
        84          0          0          0          0        136   dflt_clz.o
       120          4          0          0          0         92   dleqf.o
       340         12          0          0          0        104   dmul.o
       156          4          0          0          0         92   dnaninf.o
        12          0          0          0          0         68   dretinf.o
       108          0          0          0          0         80   drleqf.o
        86          4          0          0          0         84   f2d.o
       388         76          0          0          0         96   fdiv.o
        62          4          0          0          0         84   ffixu.o
        38          0          0          0          0         68   fflt_clz.o
       258          4          0          0          0         84   fmul.o
       140          4          0          0          0         84   fnaninf.o
         0          0          8          0          0          0   fpconst.o
        10          0          0          0          0         68   fretinf.o
       100          0          0          0          0         68   retnan.o
        92          0          0          0          0         68   scalbn.o
         4          0          0          0          0         68   scanf1.o
         8          0          0          0          0         84   scanf2.o
        48          0          0          0          0         68   trapv.o
         0          0          0          0          0          0   usenofp.o
        42          0          0          0          0         84   atof.o
        16          6          0          0          0         68   dunder.o
        88          8          0          0          0         76   frexp.o
       148          0          0          0          0        160   ldexp.o
       152          4          0          0          0        160   narrow.o

    ----------------------------------------------------------------------
     11344        640        456          4         96       7824   Library Totals
        28          2          0          0          0          0   (incl. Padding)

    ----------------------------------------------------------------------

      Code (inc. data)   RO Data    RW Data    ZI Data      Debug   Library Name

      6976        336        448          4         96       4888   c_w.l
      3894        284          8          0          0       2388   fz_ws.l
       446         18          0          0          0        548   m_ws.l

    ----------------------------------------------------------------------
     11344        640        456          4         96       7824   Library Totals

    ----------------------------------------------------------------------

==============================================================================


      Code (inc. data)   RO Data    RW Data    ZI Data      Debug   

     30300       1868       1432        460      10044     606473   Grand Totals
     30300       1868       1432        216      10044     606473   ELF Image Totals (compressed)
     30300       1868       1432        216          0          0   ROM Totals

==============================================================================

    Total RO  Size (Code + RO Data)                31732 (  30.99kB)
    Total RW  Size (RW Data + ZI Data)             10504 (  10.26kB)
    Total ROM Size (Code + RO Data + RW Data)      31948 (  31.20kB)

==============================================================================

